Component: ARM Compiler 6.14 Tool: armlink [5db06800]

==============================================================================

Section Cross References

    main.o(.text) refers (Special) to _printf_d.o(.ARM.Collect$$_printf_percent$$00000009) for _printf_d
    main.o(.text) refers (Special) to _printf_dec.o(.text) for _printf_int_dec
    main.o(.text) refers (Special) to _printf_percent.o(.ARM.Collect$$_printf_percent$$00000000) for _printf_percent
    main.o(.text) refers (Special) to _printf_pad.o(.text) for _printf_pre_padding
    main.o(.text) refers (Special) to _printf_s.o(.ARM.Collect$$_printf_percent$$00000014) for _printf_s
    main.o(.text) refers (Special) to _printf_str.o(.text) for _printf_str
    main.o(.text.ConvertMillisToDateTime) refers (Special) to _printf_d.o(.ARM.Collect$$_printf_percent$$00000009) for _printf_d
    main.o(.text.ConvertMillisToDateTime) refers (Special) to _printf_dec.o(.text) for _printf_int_dec
    main.o(.text.ConvertMillisToDateTime) refers (Special) to _printf_percent.o(.ARM.Collect$$_printf_percent$$00000000) for _printf_percent
    main.o(.text.ConvertMillisToDateTime) refers (Special) to _printf_pad.o(.text) for _printf_pre_padding
    main.o(.text.ConvertMillisToDateTime) refers (Special) to _printf_s.o(.ARM.Collect$$_printf_percent$$00000014) for _printf_s
    main.o(.text.ConvertMillisToDateTime) refers (Special) to _printf_str.o(.text) for _printf_str
    main.o(.ARM.exidx.text.ConvertMillisToDateTime) refers (Special) to _printf_d.o(.ARM.Collect$$_printf_percent$$00000009) for _printf_d
    main.o(.ARM.exidx.text.ConvertMillisToDateTime) refers (Special) to _printf_dec.o(.text) for _printf_int_dec
    main.o(.ARM.exidx.text.ConvertMillisToDateTime) refers (Special) to _printf_percent.o(.ARM.Collect$$_printf_percent$$00000000) for _printf_percent
    main.o(.ARM.exidx.text.ConvertMillisToDateTime) refers (Special) to _printf_pad.o(.text) for _printf_pre_padding
    main.o(.ARM.exidx.text.ConvertMillisToDateTime) refers (Special) to _printf_s.o(.ARM.Collect$$_printf_percent$$00000014) for _printf_s
    main.o(.ARM.exidx.text.ConvertMillisToDateTime) refers (Special) to _printf_str.o(.text) for _printf_str
    main.o(.ARM.exidx.text.ConvertMillisToDateTime) refers to main.o(.text.ConvertMillisToDateTime) for [Anonymous Symbol]
    main.o(.text.USART1_Config) refers (Special) to _printf_d.o(.ARM.Collect$$_printf_percent$$00000009) for _printf_d
    main.o(.text.USART1_Config) refers (Special) to _printf_dec.o(.text) for _printf_int_dec
    main.o(.text.USART1_Config) refers (Special) to _printf_percent.o(.ARM.Collect$$_printf_percent$$00000000) for _printf_percent
    main.o(.text.USART1_Config) refers (Special) to _printf_pad.o(.text) for _printf_pre_padding
    main.o(.text.USART1_Config) refers (Special) to _printf_s.o(.ARM.Collect$$_printf_percent$$00000014) for _printf_s
    main.o(.text.USART1_Config) refers (Special) to _printf_str.o(.text) for _printf_str
    main.o(.text.USART1_Config) refers to stm32f10x_rcc.o(.text.RCC_APB2PeriphClockCmd) for RCC_APB2PeriphClockCmd
    main.o(.text.USART1_Config) refers to stm32f10x_gpio.o(.text.GPIO_Init) for GPIO_Init
    main.o(.text.USART1_Config) refers to stm32f10x_usart.o(.text.USART_Init) for USART_Init
    main.o(.text.USART1_Config) refers to stm32f10x_usart.o(.text.USART_Cmd) for USART_Cmd
    main.o(.ARM.exidx.text.USART1_Config) refers (Special) to _printf_d.o(.ARM.Collect$$_printf_percent$$00000009) for _printf_d
    main.o(.ARM.exidx.text.USART1_Config) refers (Special) to _printf_dec.o(.text) for _printf_int_dec
    main.o(.ARM.exidx.text.USART1_Config) refers (Special) to _printf_percent.o(.ARM.Collect$$_printf_percent$$00000000) for _printf_percent
    main.o(.ARM.exidx.text.USART1_Config) refers (Special) to _printf_pad.o(.text) for _printf_pre_padding
    main.o(.ARM.exidx.text.USART1_Config) refers (Special) to _printf_s.o(.ARM.Collect$$_printf_percent$$00000014) for _printf_s
    main.o(.ARM.exidx.text.USART1_Config) refers (Special) to _printf_str.o(.text) for _printf_str
    main.o(.ARM.exidx.text.USART1_Config) refers to main.o(.text.USART1_Config) for [Anonymous Symbol]
    main.o(.text.SPI1_Config) refers (Special) to _printf_d.o(.ARM.Collect$$_printf_percent$$00000009) for _printf_d
    main.o(.text.SPI1_Config) refers (Special) to _printf_dec.o(.text) for _printf_int_dec
    main.o(.text.SPI1_Config) refers (Special) to _printf_percent.o(.ARM.Collect$$_printf_percent$$00000000) for _printf_percent
    main.o(.text.SPI1_Config) refers (Special) to _printf_pad.o(.text) for _printf_pre_padding
    main.o(.text.SPI1_Config) refers (Special) to _printf_s.o(.ARM.Collect$$_printf_percent$$00000014) for _printf_s
    main.o(.text.SPI1_Config) refers (Special) to _printf_str.o(.text) for _printf_str
    main.o(.text.SPI1_Config) refers to stm32f10x_rcc.o(.text.RCC_APB2PeriphClockCmd) for RCC_APB2PeriphClockCmd
[...]
    Removing stm32f10x_usart.o(.ARM.exidx.text.USART_IrDACmd), (8 bytes).
    Removing stm32f10x_usart.o(.ARM.exidx.text.USART_GetFlagStatus), (8 bytes).
    Removing stm32f10x_usart.o(.text.USART_ClearFlag), (6 bytes).
    Removing stm32f10x_usart.o(.ARM.exidx.text.USART_ClearFlag), (8 bytes).
    Removing stm32f10x_usart.o(.text.USART_GetITStatus), (58 bytes).
    Removing stm32f10x_usart.o(.ARM.exidx.text.USART_GetITStatus), (8 bytes).
    Removing stm32f10x_usart.o(.text.USART_ClearITPendingBit), (14 bytes).
    Removing stm32f10x_usart.o(.ARM.exidx.text.USART_ClearITPendingBit), (8 bytes).
    Removing system_stm32f10x.o(.text), (0 bytes).
    Removing system_stm32f10x.o(.ARM.exidx.text.SystemInit), (8 bytes).
    Removing system_stm32f10x.o(.ARM.exidx.text.SetSysClock), (8 bytes).
    Removing system_stm32f10x.o(.text.SystemCoreClockUpdate), (110 bytes).
    Removing system_stm32f10x.o(.ARM.exidx.text.SystemCoreClockUpdate), (8 bytes).
    Removing system_stm32f10x.o(.ARM.exidx.text.SetSysClockTo72), (8 bytes).
    Removing system_stm32f10x.o(.rodata.AHBPrescTable), (16 bytes).

683 unused section(s) (total 13948 bytes) removed from the image.

==============================================================================

Image Symbol Table

    Local Symbols

    Symbol Name                              Value     Ov Type        Size  Object(Section)

    ../clib/angel/boardlib.s                 0x00000000   Number         0  boardinit1.o ABSOLUTE
    ../clib/angel/boardlib.s                 0x00000000   Number         0  boardinit2.o ABSOLUTE
    ../clib/angel/boardlib.s                 0x00000000   Number         0  boardinit3.o ABSOLUTE
    ../clib/angel/boardlib.s                 0x00000000   Number         0  boardshut.o ABSOLUTE
    ../clib/angel/dczerorl.s                 0x00000000   Number         0  __dczerorl.o ABSOLUTE
    ../clib/angel/handlers.s                 0x00000000   Number         0  __scatter_zi.o ABSOLUTE
    ../clib/angel/kernel.s                   0x00000000   Number         0  __rtentry.o ABSOLUTE
    ../clib/angel/kernel.s                   0x00000000   Number         0  __rtentry2.o ABSOLUTE
    ../clib/angel/kernel.s                   0x00000000   Number         0  __rtentry4.o ABSOLUTE
    ../clib/angel/kernel.s                   0x00000000   Number         0  rtexit.o ABSOLUTE
    ../clib/angel/kernel.s                   0x00000000   Number         0  rtexit2.o ABSOLUTE
    ../clib/angel/rt.s                       0x00000000   Number         0  rt_raise.o ABSOLUTE
    ../clib/angel/scatter.s                  0x00000000   Number         0  __scatter.o ABSOLUTE
    ../clib/angel/startup.s                  0x00000000   Number         0  __main.o ABSOLUTE
    ../clib/angel/sys.s                      0x00000000   Number         0  sys_stackheap_outer.o ABSOLUTE
    ../clib/angel/sys.s                      0x00000000   Number         0  libspace.o ABSOLUTE
    ../clib/angel/sys.s                      0x00000000   Number         0  use_no_semi.o ABSOLUTE
    ../clib/angel/sys.s                      0x00000000   Number         0  indicate_semi.o ABSOLUTE
    ../clib/angel/sysapp.c                   0x00000000   Number         0  sys_exit.o ABSOLUTE
    ../clib/angel/sysapp.c                   0x00000000   Number         0  sys_exit_hlt.o ABSOLUTE
    ../clib/angel/sysapp.c                   0x00000000   Number         0  sys_command.o ABSOLUTE
    ../clib/angel/sysapp.c                   0x00000000   Number         0  sys_command_hlt.o ABSOLUTE
    ../clib/angel/sysapp.c                   0x00000000   Number         0  sys_wrch.o ABSOLUTE
    ../clib/angel/sysapp.c                   0x00000000   Number         0  sys_wrch_hlt.o ABSOLUTE
    ../clib/armsys.c                         0x00000000   Number         0  argv_veneer.o ABSOLUTE
    ../clib/armsys.c                         0x00000000   Number         0  argv_veneer.o ABSOLUTE
    ../clib/armsys.c                         0x00000000   Number         0  _get_argv_nomalloc.o ABSOLUTE
    ../clib/armsys.c                         0x00000000   Number         0  no_argv.o ABSOLUTE
    ../clib/heapalloc.c                      0x00000000   Number         0  hrguard.o ABSOLUTE
    ../clib/heapaux.c                        0x00000000   Number         0  heapauxi.o ABSOLUTE
    ../clib/libinit.s                        0x00000000   Number         0  libinit.o ABSOLUTE
    ../clib/libinit.s                        0x00000000   Number         0  libinit2.o ABSOLUTE
    ../clib/libinit.s                        0x00000000   Number         0  libshutdown.o ABSOLUTE
    ../clib/libinit.s                        0x00000000   Number         0  libshutdown2.o ABSOLUTE
    ../clib/memcpset.s                       0x00000000   Number         0  aeabi_memset4.o ABSOLUTE
    ../clib/memcpset.s                       0x00000000   Number         0  rt_memclr_w.o ABSOLUTE
    ../clib/misc.s                           0x00000000   Number         0  printf_stubs.o ABSOLUTE
    ../clib/printf.c                         0x00000000   Number         0  __2sprintf.o ABSOLUTE
    ../clib/printf.c                         0x00000000   Number         0  __2snprintf.o ABSOLUTE
    ../clib/printf.c                         0x00000000   Number         0  noretval__2sprintf.o ABSOLUTE
    ../clib/printf.c                         0x00000000   Number         0  noretval__2snprintf.o ABSOLUTE
    ../clib/printf.c                         0x00000000   Number         0  __printf.o ABSOLUTE
    ../clib/printf.c                         0x00000000   Number         0  _printf_pad.o ABSOLUTE
    ../clib/printf.c                         0x00000000   Number         0  _printf_str.o ABSOLUTE
    ../clib/printf.c                         0x00000000   Number         0  _printf_dec.o ABSOLUTE
    ../clib/printf.c                         0x00000000   Number         0  __printf_flags.o ABSOLUTE
    ../clib/printf.c                         0x00000000   Number         0  __printf_ss.o ABSOLUTE
    ../clib/printf.c                         0x00000000   Number         0  __printf_flags_ss.o ABSOLUTE
    ../clib/printf.c                         0x00000000   Number         0  __printf_wp.o ABSOLUTE
    ../clib/printf.c                         0x00000000   Number         0  __printf_flags_wp.o ABSOLUTE
    ../clib/printf.c                         0x00000000   Number         0  __printf_ss_wp.o ABSOLUTE
    ../clib/printf.c                         0x00000000   Number         0  __printf_flags_ss_wp.o ABSOLUTE
    ../clib/printf.c                         0x00000000   Number         0  _printf_intcommon.o ABSOLUTE
    ../clib/printf.c                         0x00000000   Number         0  _printf_char_common.o ABSOLUTE
    ../clib/printf.c                         0x00000000   Number         0  _sputc.o ABSOLUTE
    ../clib/printf.c                         0x00000000   Number         0  _snputc.o ABSOLUTE
    ../clib/printf.c                         0x00000000   Number         0  _printf_char.o ABSOLUTE
    ../clib/printf.c                         0x00000000   Number         0  __printf_nopercent.o ABSOLUTE
    ../clib/printf_percent.s                 0x00000000   Number         0  _printf_s.o ABSOLUTE
    ../clib/printf_percent.s                 0x00000000   Number         0  _printf_d.o ABSOLUTE
    ../clib/printf_percent.s                 0x00000000   Number         0  _printf_percent.o ABSOLUTE
    ../clib/printf_percent.s                 0x00000000   Number         0  _printf_percent_end.o ABSOLUTE
    ../clib/signal.c                         0x00000000   Number         0  defsig_rtmem_outer.o ABSOLUTE
    ../clib/signal.c                         0x00000000   Number         0  defsig_rtmem_formal.o ABSOLUTE
    ../clib/signal.c                         0x00000000   Number         0  defsig_exit.o ABSOLUTE
    ../clib/signal.c                         0x00000000   Number         0  defsig_rtmem_inner.o ABSOLUTE
    ../clib/signal.c                         0x00000000   Number         0  __raise.o ABSOLUTE
    ../clib/signal.c                         0x00000000   Number         0  defsig_general.o ABSOLUTE
    ../clib/signal.c                         0x00000000   Number         0  defsig_abrt_inner.o ABSOLUTE
    ../clib/signal.c                         0x00000000   Number         0  defsig_fpe_inner.o ABSOLUTE
    ../clib/signal.c                         0x00000000   Number         0  defsig_rtred_inner.o ABSOLUTE
    ../clib/signal.c                         0x00000000   Number         0  defsig_stak_inner.o ABSOLUTE
    ../clib/signal.c                         0x00000000   Number         0  defsig_pvfn_inner.o ABSOLUTE
    ../clib/signal.c                         0x00000000   Number         0  defsig_cppl_inner.o ABSOLUTE
    ../clib/signal.c                         0x00000000   Number         0  defsig_segv_inner.o ABSOLUTE
    ../clib/signal.c                         0x00000000   Number         0  defsig_other.o ABSOLUTE
    ../clib/signal.s                         0x00000000   Number         0  defsig.o ABSOLUTE
    ../clib/stdlib.c                         0x00000000   Number         0  exit.o ABSOLUTE
    ../clib/string.c                         0x00000000   Number         0  strlen.o ABSOLUTE
    ../fplib/fpinit.s                        0x00000000   Number         0  fpinit.o ABSOLUTE
    ../fplib/fpinit_empty.s                  0x00000000   Number         0  fpinit_empty.o ABSOLUTE
    RTE/Device/STM32F103C8/startup_stm32f10x_md.s 0x00000000   Number         0  startup_stm32f10x_md.o ABSOLUTE
    dc.s                                     0x00000000   Number         0  dc.o ABSOLUTE
    fonts.c                                  0x00000000   Number         0  fonts.o ABSOLUTE
    i2c.c                                    0x00000000   Number         0  i2c.o ABSOLUTE
    main.c                                   0x00000000   Number         0  main.o ABSOLUTE
    misc.c                                   0x00000000   Number         0  misc.o ABSOLUTE
    rc522.c                                  0x00000000   Number         0  rc522.o ABSOLUTE
    ssd1306.c                                0x00000000   Number         0  ssd1306.o ABSOLUTE
    stm32f10x_bkp.c                          0x00000000   Number         0  stm32f10x_bkp.o ABSOLUTE
    stm32f10x_flash.c                        0x00000000   Number         0  stm32f10x_flash.o ABSOLUTE
    stm32f10x_gpio.c                         0x00000000   Number         0  stm32f10x_gpio.o ABSOLUTE
    stm32f10x_i2c.c                          0x00000000   Number         0  stm32f10x_i2c.o ABSOLUTE
    stm32f10x_pwr.c                          0x00000000   Number         0  stm32f10x_pwr.o ABSOLUTE
    stm32f10x_rcc.c                          0x00000000   Number         0  stm32f10x_rcc.o ABSOLUTE
    stm32f10x_rtc.c                          0x00000000   Number         0  stm32f10x_rtc.o ABSOLUTE
    stm32f10x_spi.c                          0x00000000   Number         0  stm32f10x_spi.o ABSOLUTE
    stm32f10x_tim.c                          0x00000000   Number         0  stm32f10x_tim.o ABSOLUTE
    stm32f10x_usart.c                        0x00000000   Number         0  stm32f10x_usart.o ABSOLUTE
    system_stm32f10x.c                       0x00000000   Number         0  system_stm32f10x.o ABSOLUTE
    RESET                                    0x08000000   Section      236  startup_stm32f10x_md.o(RESET)
    !!!main                                  0x080000ec   Section        8  __main.o(!!!main)
    !!!scatter                               0x080000f4   Section       52  __scatter.o(!!!scatter)
    !!dczerorl                               0x08000128   Section       58  __dczerorl.o(!!dczerorl)
    !!handler_zi                             0x08000164   Section       28  __scatter_zi.o(!!handler_zi)
    .ARM.Collect$$_printf_percent$$00000000  0x08000180   Section        0  _printf_percent.o(.ARM.Collect$$_printf_percent$$00000000)
    .ARM.Collect$$_printf_percent$$00000009  0x08000180   Section        6  _printf_d.o(.ARM.Collect$$_printf_percent$$00000009)
    .ARM.Collect$$_printf_percent$$00000014  0x08000186   Section        6  _printf_s.o(.ARM.Collect$$_printf_percent$$00000014)
    .ARM.Collect$$_printf_percent$$00000017  0x0800018c   Section        4  _printf_percent_end.o(.ARM.Collect$$_printf_percent$$00000017)
    .ARM.Collect$$libinit$$00000000          0x08000190   Section        2  libinit.o(.ARM.Collect$$libinit$$00000000)
    .ARM.Collect$$libinit$$00000002          0x08000192   Section        0  libinit2.o(.ARM.Collect$$libinit$$00000002)
    .ARM.Collect$$libinit$$00000004          0x08000192   Section        0  libinit2.o(.ARM.Collect$$libinit$$00000004)
    .ARM.Collect$$libinit$$0000000A          0x08000192   Section        0  libinit2.o(.ARM.Collect$$libinit$$0000000A)
    .ARM.Collect$$libinit$$0000000C          0x08000192   Section        0  libinit2.o(.ARM.Collect$$libinit$$0000000C)
    .ARM.Collect$$libinit$$0000000E          0x08000192   Section        0  libinit2.o(.ARM.Collect$$libinit$$0000000E)
    .ARM.Collect$$libinit$$00000011          0x08000192   Section        0  libinit2.o(.ARM.Collect$$libinit$$00000011)
    .ARM.Collect$$libinit$$00000013          0x08000192   Section        0  libinit2.o(.ARM.Collect$$libinit$$00000013)
    .ARM.Collect$$libinit$$00000015          0x08000192   Section        0  libinit2.o(.ARM.Collect$$libinit$$00000015)
    .ARM.Collect$$libinit$$00000017          0x08000192   Section        0  libinit2.o(.ARM.Collect$$libinit$$00000017)
    .ARM.Collect$$libinit$$00000019          0x08000192   Section        0  libinit2.o(.ARM.Collect$$libinit$$00000019)
    .ARM.Collect$$libinit$$0000001B          0x08000192   Section        0  libinit2.o(.ARM.Collect$$libinit$$0000001B)
    .ARM.Collect$$libinit$$0000001D          0x08000192   Section        0  libinit2.o(.ARM.Collect$$libinit$$0000001D)
    .ARM.Collect$$libinit$$0000001F          0x08000192   Section        0  libinit2.o(.ARM.Collect$$libinit$$0000001F)
    .ARM.Collect$$libinit$$00000021          0x08000192   Section        0  libinit2.o(.ARM.Collect$$libinit$$00000021)
    .ARM.Collect$$libinit$$00000023          0x08000192   Section        0  libinit2.o(.ARM.Collect$$libinit$$00000023)
    .ARM.Collect$$libinit$$00000025          0x08000192   Section        0  libinit2.o(.ARM.Collect$$libinit$$00000025)
    .ARM.Collect$$libinit$$0000002C          0x08000192   Section        0  libinit2.o(.ARM.Collect$$libinit$$0000002C)
    .ARM.Collect$$libinit$$0000002E          0x08000192   Section        0  libinit2.o(.ARM.Collect$$libinit$$0000002E)
    .ARM.Collect$$libinit$$00000030          0x08000192   Section        0  libinit2.o(.ARM.Collect$$libinit$$00000030)
    .ARM.Collect$$libinit$$00000032          0x08000192   Section        0  libinit2.o(.ARM.Collect$$libinit$$00000032)
    .ARM.Collect$$libinit$$00000033          0x08000192   Section        2  libinit2.o(.ARM.Collect$$libinit$$00000033)
    .ARM.Collect$$libshutdown$$00000000      0x08000194   Section        2  libshutdown.o(.ARM.Collect$$libshutdown$$00000000)
    .ARM.Collect$$libshutdown$$00000002      0x08000196   Section        0  libshutdown2.o(.ARM.Collect$$libshutdown$$00000002)
    .ARM.Collect$$libshutdown$$00000004      0x08000196   Section        0  libshutdown2.o(.ARM.Collect$$libshutdown$$00000004)
    .ARM.Collect$$libshutdown$$00000007      0x08000196   Section        0  libshutdown2.o(.ARM.Collect$$libshutdown$$00000007)
    .ARM.Collect$$libshutdown$$0000000A      0x08000196   Section        0  libshutdown2.o(.ARM.Collect$$libshutdown$$0000000A)
    .ARM.Collect$$libshutdown$$0000000C      0x08000196   Section        0  libshutdown2.o(.ARM.Collect$$libshutdown$$0000000C)
    .ARM.Collect$$libshutdown$$0000000F      0x08000196   Section        0  libshutdown2.o(.ARM.Collect$$libshutdown$$0000000F)
    .ARM.Collect$$libshutdown$$00000010      0x08000196   Section        2  libshutdown2.o(.ARM.Collect$$libshutdown$$00000010)
    .ARM.Collect$$rtentry$$00000000          0x08000198   Section        0  __rtentry.o(.ARM.Collect$$rtentry$$00000000)
    .ARM.Collect$$rtentry$$00000002          0x08000198   Section        0  __rtentry2.o(.ARM.Collect$$rtentry$$00000002)
    .ARM.Collect$$rtentry$$00000004          0x08000198   Section        6  __rtentry4.o(.ARM.Collect$$rtentry$$00000004)
    .ARM.Collect$$rtentry$$00000009          0x0800019e   Section        0  __rtentry2.o(.ARM.Collect$$rtentry$$00000009)
    .ARM.Collect$$rtentry$$0000000A          0x0800019e   Section        4  __rtentry2.o(.ARM.Collect$$rtentry$$0000000A)
    .ARM.Collect$$rtentry$$0000000C          0x080001a2   Section        0  __rtentry2.o(.ARM.Collect$$rtentry$$0000000C)
    .ARM.Collect$$rtentry$$0000000D          0x080001a2   Section        8  __rtentry2.o(.ARM.Collect$$rtentry$$0000000D)
    .ARM.Collect$$rtexit$$00000000           0x080001aa   Section        2  rtexit.o(.ARM.Collect$$rtexit$$00000000)
    .ARM.Collect$$rtexit$$00000002           0x080001ac   Section        0  rtexit2.o(.ARM.Collect$$rtexit$$00000002)
    .ARM.Collect$$rtexit$$00000003           0x080001ac   Section        4  rtexit2.o(.ARM.Collect$$rtexit$$00000003)
    .ARM.Collect$$rtexit$$00000004           0x080001b0   Section        6  rtexit2.o(.ARM.Collect$$rtexit$$00000004)
    .text                                    0x080001b8   Section       64  startup_stm32f10x_md.o(.text)
    .text                                    0x080001f8   Section        0  noretval__2sprintf.o(.text)
    .text                                    0x08000220   Section        0  noretval__2snprintf.o(.text)
    .text                                    0x08000254   Section        0  _printf_pad.o(.text)
    .text                                    0x080002a2   Section        0  _printf_str.o(.text)
    .text                                    0x080002f4   Section        0  _printf_dec.o(.text)
    .text                                    0x0800036c   Section        0  __printf_flags_wp.o(.text)
    .text                                    0x080004a4   Section       16  aeabi_memset4.o(.text)
    .text                                    0x080004b4   Section       78  rt_memclr_w.o(.text)
    .text                                    0x08000502   Section        0  heapauxi.o(.text)
    .text                                    0x08000508   Section        0  _printf_intcommon.o(.text)
    _printf_input_char                       0x080005bd   Thumb Code    10  _printf_char_common.o(.text)
    .text                                    0x080005bc   Section        0  _printf_char_common.o(.text)
    .text                                    0x080005ec   Section        0  _sputc.o(.text)
    .text                                    0x080005f6   Section        0  _snputc.o(.text)
    .text                                    0x08000606   Section        0  _printf_char.o(.text)
    .text                                    0x08000632   Section       74  sys_stackheap_outer.o(.text)
    .text                                    0x0800067c   Section        0  exit.o(.text)
    .text                                    0x08000690   Section        8  libspace.o(.text)
    .text                                    0x08000698   Section        0  sys_exit.o(.text)
    .text                                    0x080006a4   Section        2  use_no_semi.o(.text)
    .text                                    0x080006a6   Section        0  indicate_semi.o(.text)
    [Anonymous Symbol]                       0x080006a8   Section        0  main.o(.text.ApplyTimeAdjustment)
    [Anonymous Symbol]                       0x080006d8   Section        0  main.o(.text.AttendanceSystem_Config)
    [Anonymous Symbol]                       0x08000754   Section        0  main.o(.text.Button_GPIO_Config)
    [Anonymous Symbol]                       0x080007bc   Section        0  main.o(.text.CalculateChecksum)
    [Anonymous Symbol]                       0x080007dc   Section        0  main.o(.text.CheckCardRegistered)
    [Anonymous Symbol]                       0x08000824   Section        0  main.o(.text.ConvertMillisToDateTime)
    [Anonymous Symbol]                       0x0800094c   Section        0  main.o(.text.DisplayStudentInfo)
    [Anonymous Symbol]                       0x08000994   Section        0  stm32f10x_flash.o(.text.FLASH_ClearFlag)
    [Anonymous Symbol]                       0x080009a0   Section        0  main.o(.text.FLASH_Config)
    [Anonymous Symbol]                       0x080009b0   Section        0  main.o(.text.FLASH_ERASEPAGE)
    [Anonymous Symbol]                       0x08000a10   Section        0  stm32f10x_flash.o(.text.FLASH_ErasePage)
    [Anonymous Symbol]                       0x08000a50   Section        0  stm32f10x_flash.o(.text.FLASH_GetBank1Status)
    [Anonymous Symbol]                       0x08000a7c   Section        0  stm32f10x_flash.o(.text.FLASH_ProgramWord)
    [Anonymous Symbol]                       0x08000ad4   Section        0  main.o(.text.FLASH_ReadRecords)
    [Anonymous Symbol]                       0x08000bac   Section        0  stm32f10x_flash.o(.text.FLASH_Unlock)
    [Anonymous Symbol]                       0x08000bcc   Section        0  stm32f10x_flash.o(.text.FLASH_WaitForLastOperation)
    [Anonymous Symbol]                       0x08000bec   Section        0  main.o(.text.FLASH_WriteRecord)
    [Anonymous Symbol]                       0x08000c70   Section        0  stm32f10x_gpio.o(.text.GPIO_Init)
    [Anonymous Symbol]                       0x08000d20   Section        0  stm32f10x_gpio.o(.text.GPIO_ReadInputDataBit)
    [Anonymous Symbol]                       0x08000d2c   Section        0  stm32f10x_gpio.o(.text.GPIO_ResetBits)
    [Anonymous Symbol]                       0x08000d30   Section        0  stm32f10x_gpio.o(.text.GPIO_SetBits)
    [Anonymous Symbol]                       0x08000d34   Section        0  main.o(.text.HandleTimeAdjustment)
    [Anonymous Symbol]                       0x08000e20   Section        0  i2c.o(.text.I2C1_Config)
    [Anonymous Symbol]                       0x08000e84   Section        0  stm32f10x_i2c.o(.text.I2C_CheckEvent)
    [Anonymous Symbol]                       0x08000e9c   Section        0  stm32f10x_i2c.o(.text.I2C_Cmd)
    [Anonymous Symbol]                       0x08000eb0   Section        0  stm32f10x_i2c.o(.text.I2C_GenerateSTART)
    [Anonymous Symbol]                       0x08000ec4   Section        0  stm32f10x_i2c.o(.text.I2C_GenerateSTOP)
    [Anonymous Symbol]                       0x08000ed8   Section        0  stm32f10x_i2c.o(.text.I2C_Init)
    [Anonymous Symbol]                       0x08000fa4   Section        0  stm32f10x_i2c.o(.text.I2C_Send7bitAddress)
    [Anonymous Symbol]                       0x08000fb4   Section        0  stm32f10x_i2c.o(.text.I2C_SendData)
    [Anonymous Symbol]                       0x08000fb8   Section        0  main.o(.text.IsButtonDownPressed)
    [Anonymous Symbol]                       0x08000fd4   Section        0  main.o(.text.IsButtonPressed)
    [Anonymous Symbol]                       0x08000fec   Section        0  main.o(.text.IsButtonSelectPressed)
    [Anonymous Symbol]                       0x08001008   Section        0  main.o(.text.IsButtonUpPressed)
    [Anonymous Symbol]                       0x08001020   Section        0  main.o(.text.MarkAttendance)
    [Anonymous Symbol]                       0x080011bc   Section        0  misc.o(.text.NVIC_Init)
    [Anonymous Symbol]                       0x0800121c   Section        0  main.o(.text.OLED_ShowAttendanceSummary)
    [Anonymous Symbol]                       0x080012ec   Section        0  main.o(.text.OLED_ShowCurrentTime)
    [Anonymous Symbol]                       0x080014e8   Section        0  rc522.o(.text.RC522_AntennaOn)
    [Anonymous Symbol]                       0x08001500   Section        0  rc522.o(.text.RC522_Anticoll)
    [Anonymous Symbol]                       0x08001550   Section        0  rc522.o(.text.RC522_Check)
    [Anonymous Symbol]                       0x08001578   Section        0  rc522.o(.text.RC522_ClearBitMask)
    [Anonymous Symbol]                       0x08001590   Section        0  rc522.o(.text.RC522_Config)
    [Anonymous Symbol]                       0x080015e0   Section        0  rc522.o(.text.RC522_ReadRegister)
    [Anonymous Symbol]                       0x08001658   Section        0  rc522.o(.text.RC522_Request)
    [Anonymous Symbol]                       0x08001698   Section        0  rc522.o(.text.RC522_Reset)
    [Anonymous Symbol]                       0x080016a4   Section        0  rc522.o(.text.RC522_SetBitMask)
    [Anonymous Symbol]                       0x080016bc   Section        0  rc522.o(.text.RC522_ToCard)
    [Anonymous Symbol]                       0x080017cc   Section        0  rc522.o(.text.RC522_WriteRegister)
    [Anonymous Symbol]                       0x08001848   Section        0  stm32f10x_rcc.o(.text.RCC_APB1PeriphClockCmd)
    [Anonymous Symbol]                       0x08001860   Section        0  stm32f10x_rcc.o(.text.RCC_APB2PeriphClockCmd)
    [Anonymous Symbol]                       0x08001878   Section        0  stm32f10x_rcc.o(.text.RCC_GetClocksFreq)
    [Anonymous Symbol]                       0x08001918   Section        0  main.o(.text.SPI1_Config)
    [Anonymous Symbol]                       0x08001998   Section        0  stm32f10x_spi.o(.text.SPI_Cmd)
    [Anonymous Symbol]                       0x080019ac   Section        0  stm32f10x_spi.o(.text.SPI_I2S_GetFlagStatus)
    [Anonymous Symbol]                       0x080019b8   Section        0  stm32f10x_spi.o(.text.SPI_I2S_ReceiveData)
    [Anonymous Symbol]                       0x080019bc   Section        0  stm32f10x_spi.o(.text.SPI_I2S_SendData)
    [Anonymous Symbol]                       0x080019c0   Section        0  stm32f10x_spi.o(.text.SPI_Init)
    [Anonymous Symbol]                       0x08001a08   Section        0  ssd1306.o(.text.SSD1306_Clear)
    [Anonymous Symbol]                       0x08001a18   Section        0  ssd1306.o(.text.SSD1306_Config)
    [Anonymous Symbol]                       0x08001b90   Section        0  ssd1306.o(.text.SSD1306_DrawPixel)
    [Anonymous Symbol]                       0x08001be0   Section        0  ssd1306.o(.text.SSD1306_Fill)
    [Anonymous Symbol]                       0x08001bfc   Section        0  ssd1306.o(.text.SSD1306_GotoXY)
    [Anonymous Symbol]                       0x08001c14   Section        0  ssd1306.o(.text.SSD1306_I2C_Config)
    [Anonymous Symbol]                       0x08001c1c   Section        0  ssd1306.o(.text.SSD1306_I2C_Write)
    [Anonymous Symbol]                       0x08001ce8   Section        0  ssd1306.o(.text.SSD1306_I2C_WriteMulti)
    [Anonymous Symbol]                       0x08001dcc   Section        0  ssd1306.o(.text.SSD1306_IsDeviceReady)
    [Anonymous Symbol]                       0x08001e40   Section        0  ssd1306.o(.text.SSD1306_Putc)
    [Anonymous Symbol]                       0x08001ef0   Section        0  ssd1306.o(.text.SSD1306_Puts)
    [Anonymous Symbol]                       0x08001f20   Section        0  ssd1306.o(.text.SSD1306_UpdateScreen)
    SetSysClock                              0x08001f69   Thumb Code     8  system_stm32f10x.o(.text.SetSysClock)
    [Anonymous Symbol]                       0x08001f68   Section        0  system_stm32f10x.o(.text.SetSysClock)
    SetSysClockTo72                          0x08001f71   Thumb Code   190  system_stm32f10x.o(.text.SetSysClockTo72)
    [Anonymous Symbol]                       0x08001f70   Section        0  system_stm32f10x.o(.text.SetSysClockTo72)
    [Anonymous Symbol]                       0x08002030   Section        0  system_stm32f10x.o(.text.SystemInit)
    [Anonymous Symbol]                       0x08002088   Section        0  main.o(.text.TIM2_IRQHandler)
    [Anonymous Symbol]                       0x080020b4   Section        0  main.o(.text.TIM2_Init)
    [Anonymous Symbol]                       0x08002128   Section        0  stm32f10x_tim.o(.text.TIM_ClearITPendingBit)
    [Anonymous Symbol]                       0x08002130   Section        0  stm32f10x_tim.o(.text.TIM_Cmd)
    [Anonymous Symbol]                       0x08002144   Section        0  stm32f10x_tim.o(.text.TIM_GetITStatus)
    [Anonymous Symbol]                       0x08002158   Section        0  stm32f10x_tim.o(.text.TIM_ITConfig)
    [Anonymous Symbol]                       0x08002168   Section        0  stm32f10x_tim.o(.text.TIM_TimeBaseInit)
    [Anonymous Symbol]                       0x08002214   Section        0  main.o(.text.UID_Match)
    [Anonymous Symbol]                       0x0800223c   Section        0  main.o(.text.USART1_Config)
    [Anonymous Symbol]                       0x080022a8   Section        0  main.o(.text.USART1_SendChar)
    [Anonymous Symbol]                       0x080022cc   Section        0  main.o(.text.USART1_SendString)
    [Anonymous Symbol]                       0x080022e8   Section        0  stm32f10x_usart.o(.text.USART_Cmd)
    [Anonymous Symbol]                       0x080022fc   Section        0  stm32f10x_usart.o(.text.USART_GetFlagStatus)
    [Anonymous Symbol]                       0x08002308   Section        0  stm32f10x_usart.o(.text.USART_Init)
    [Anonymous Symbol]                       0x080023bc   Section        0  stm32f10x_usart.o(.text.USART_SendData)
    [Anonymous Symbol]                       0x080023c4   Section        0  rc522.o(.text.delay_ms)
    [Anonymous Symbol]                       0x080023f8   Section        0  main.o(.text.main)
    i._is_digit                              0x080024be   Section        0  __printf_wp.o(i._is_digit)
    maptable                                 0x080024cc   Data          17  __printf_flags_wp.o(.constdata)
    .constdata                               0x080024cc   Section       17  __printf_flags_wp.o(.constdata)
    ADCPrescTable                            0x080024dd   Data           4  stm32f10x_rcc.o(.rodata.ADCPrescTable)
    [Anonymous Symbol]                       0x080024dd   Section        0  stm32f10x_rcc.o(.rodata.ADCPrescTable)
    APBAHBPrescTable                         0x080024e1   Data          16  stm32f10x_rcc.o(.rodata.APBAHBPrescTable)
    [Anonymous Symbol]                       0x080024e1   Section        0  stm32f10x_rcc.o(.rodata.APBAHBPrescTable)
    .L.str.8                                 0x08002c5e   Data          26  main.o(.rodata.str1.1)
    [Anonymous Symbol]                       0x08002c5e   Section        0  main.o(.rodata.str1.1)
    .L.str.4                                 0x08002c78   Data          20  main.o(.rodata.str1.1)
    .L.str.7                                 0x08002c8c   Data          44  main.o(.rodata.str1.1)
    .L.str.6                                 0x08002cab   Data          13  main.o(.rodata.str1.1)
    .L.str.5                                 0x08002cb8   Data          40  main.o(.rodata.str1.1)
    .L.str.9                                 0x08002ce0   Data          21  main.o(.rodata.str1.1)
    .L.str.17                                0x08002cf5   Data           5  main.o(.rodata.str1.1)
    .L.str.16                                0x08002cfa   Data           3  main.o(.rodata.str1.1)
    HandleTimeAdjustment.lastDownState       0x20000008   Data           1  main.o(.data.HandleTimeAdjustment.lastDownState)
    [Anonymous Symbol]                       0x20000008   Section        0  main.o(.data.HandleTimeAdjustment.lastDownState)
    HandleTimeAdjustment.lastSelectState     0x20000009   Data           1  main.o(.data.HandleTimeAdjustment.lastSelectState)
    [Anonymous Symbol]                       0x20000009   Section        0  main.o(.data.HandleTimeAdjustment.lastSelectState)
    HandleTimeAdjustment.lastUpState         0x2000000a   Data           1  main.o(.data.HandleTimeAdjustment.lastUpState)
    [Anonymous Symbol]                       0x2000000a   Section        0  main.o(.data.HandleTimeAdjustment.lastUpState)
    .bss                                     0x20000230   Section       96  libspace.o(.bss)
    SSD1306.0                                0x20000290   Data           2  ssd1306.o(.bss.SSD1306.0)
    [Anonymous Symbol]                       0x20000290   Section        0  ssd1306.o(.bss.SSD1306.0)
    SSD1306.1                                0x20000292   Data           2  ssd1306.o(.bss.SSD1306.1)
    [Anonymous Symbol]                       0x20000292   Section        0  ssd1306.o(.bss.SSD1306.1)
    SSD1306.2                                0x20000294   Data           1  ssd1306.o(.bss.SSD1306.2)
    [Anonymous Symbol]                       0x20000294   Section        0  ssd1306.o(.bss.SSD1306.2)
    SSD1306_Buffer                           0x20000298   Data        1024  ssd1306.o(.bss.SSD1306_Buffer)
    [Anonymous Symbol]                       0x20000298   Section        0  ssd1306.o(.bss.SSD1306_Buffer)
    Heap_Mem                                 0x20000740   Data         512  startup_stm32f10x_md.o(HEAP)
    HEAP                                     0x20000740   Section      512  startup_stm32f10x_md.o(HEAP)
    Stack_Mem                                0x20000940   Data        1024  startup_stm32f10x_md.o(STACK)
    STACK                                    0x20000940   Section     1024  startup_stm32f10x_md.o(STACK)
    __initial_sp                             0x20000d40   Data           0  startup_stm32f10x_md.o(STACK)

    Global Symbols

    Symbol Name                              Value     Ov Type        Size  Object(Section)

    BuildAttributes$$THM_ISAv4$P$D$K$B$S$PE$A:L22UL41UL21$X:L11$S22US41US21$IEEE1$IW$~IW$USESV6$~STKCKD$USESV7$~SHL$OTIME$ROPI$EBA8$UX$STANDARDLIB$REQ8$PRES8$EABIv2 0x00000000   Number         0  anon$$obj.o ABSOLUTE
    __fp_init_empty                          0x00000000   Number         0  fpinit_empty.o ABSOLUTE
    _printf_flags                            0x00000000   Number         0  printf_stubs.o ABSOLUTE
    _printf_return_value                     0x00000000   Number         0  printf_stubs.o ABSOLUTE
    _printf_sizespec                         0x00000000   Number         0  printf_stubs.o ABSOLUTE
    _printf_widthprec                        0x00000000   Number         0  printf_stubs.o ABSOLUTE
    __ARM_exceptions_init                     - Undefined Weak Reference
    __alloca_initialize                       - Undefined Weak Reference
    __arm_preinit_                            - Undefined Weak Reference
    __cpp_initialize__aeabi_                  - Undefined Weak Reference
    __cxa_finalize                            - Undefined Weak Reference
    __rt_locale                               - Undefined Weak Reference
    __sigvec_lookup                           - Undefined Weak Reference
    _atexit_init                              - Undefined Weak Reference
    _call_atexit_fns                          - Undefined Weak Reference
    _clock_init                               - Undefined Weak Reference
    _fp_trap_init                             - Undefined Weak Reference
    _fp_trap_shutdown                         - Undefined Weak Reference
    _get_lc_collate                           - Undefined Weak Reference
    _get_lc_ctype                             - Undefined Weak Reference
    _get_lc_monetary                          - Undefined Weak Reference
    _get_lc_numeric                           - Undefined Weak Reference
    _get_lc_time                              - Undefined Weak Reference
    _getenv_init                              - Undefined Weak Reference
    _handle_redirection                       - Undefined Weak Reference
    _init_alloc                               - Undefined Weak Reference
    _init_user_alloc                          - Undefined Weak Reference
    _initio                                   - Undefined Weak Reference
    _printf_mbtowc                            - Undefined Weak Reference
    _printf_truncate_signed                   - Undefined Weak Reference
    _printf_truncate_unsigned                 - Undefined Weak Reference
    _rand_init                                - Undefined Weak Reference
    _signal_finish                            - Undefined Weak Reference
    _signal_init                              - Undefined Weak Reference
    _terminate_alloc                          - Undefined Weak Reference
    _terminate_user_alloc                     - Undefined Weak Reference
    _terminateio                              - Undefined Weak Reference
    __Vectors_Size                           0x000000ec   Number         0  startup_stm32f10x_md.o ABSOLUTE
    __Vectors                                0x08000000   Data           4  startup_stm32f10x_md.o(RESET)
    __Vectors_End                            0x080000ec   Data           0  startup_stm32f10x_md.o(RESET)
    __main                                   0x080000ed   Thumb Code     8  __main.o(!!!main)
    __scatterload                            0x080000f5   Thumb Code     0  __scatter.o(!!!scatter)
    __scatterload_rt2                        0x080000f5   Thumb Code    44  __scatter.o(!!!scatter)
    __scatterload_rt2_thumb_only             0x080000f5   Thumb Code     0  __scatter.o(!!!scatter)
    __scatterload_null                       0x08000103   Thumb Code     0  __scatter.o(!!!scatter)
    __decompress                             0x08000129   Thumb Code    58  __dczerorl.o(!!dczerorl)
    __decompress0                            0x08000129   Thumb Code     0  __dczerorl.o(!!dczerorl)
    __scatterload_zeroinit                   0x08000165   Thumb Code    28  __scatter_zi.o(!!handler_zi)
    _printf_d                                0x08000181   Thumb Code     0  _printf_d.o(.ARM.Collect$$_printf_percent$$00000009)
    _printf_percent                          0x08000181   Thumb Code     0  _printf_percent.o(.ARM.Collect$$_printf_percent$$00000000)
    _printf_s                                0x08000187   Thumb Code     0  _printf_s.o(.ARM.Collect$$_printf_percent$$00000014)
    _printf_percent_end                      0x0800018d   Thumb Code     0  _printf_percent_end.o(.ARM.Collect$$_printf_percent$$00000017)
    __rt_lib_init                            0x08000191   Thumb Code     0  libinit.o(.ARM.Collect$$libinit$$00000000)
    __rt_lib_init_alloca_1                   0x08000193   Thumb Code     0  libinit2.o(.ARM.Collect$$libinit$$0000002E)
    __rt_lib_init_argv_1                     0x08000193   Thumb Code     0  libinit2.o(.ARM.Collect$$libinit$$0000002C)
    __rt_lib_init_atexit_1                   0x08000193   Thumb Code     0  libinit2.o(.ARM.Collect$$libinit$$0000001B)
    __rt_lib_init_clock_1                    0x08000193   Thumb Code     0  libinit2.o(.ARM.Collect$$libinit$$00000021)
    __rt_lib_init_cpp_1                      0x08000193   Thumb Code     0  libinit2.o(.ARM.Collect$$libinit$$00000032)
    __rt_lib_init_exceptions_1               0x08000193   Thumb Code     0  libinit2.o(.ARM.Collect$$libinit$$00000030)
    __rt_lib_init_fp_1                       0x08000193   Thumb Code     0  libinit2.o(.ARM.Collect$$libinit$$00000002)
    __rt_lib_init_fp_trap_1                  0x08000193   Thumb Code     0  libinit2.o(.ARM.Collect$$libinit$$0000001F)
    __rt_lib_init_getenv_1                   0x08000193   Thumb Code     0  libinit2.o(.ARM.Collect$$libinit$$00000023)
    __rt_lib_init_heap_1                     0x08000193   Thumb Code     0  libinit2.o(.ARM.Collect$$libinit$$0000000A)
    __rt_lib_init_lc_collate_1               0x08000193   Thumb Code     0  libinit2.o(.ARM.Collect$$libinit$$00000011)
    __rt_lib_init_lc_ctype_1                 0x08000193   Thumb Code     0  libinit2.o(.ARM.Collect$$libinit$$00000013)
    __rt_lib_init_lc_monetary_1              0x08000193   Thumb Code     0  libinit2.o(.ARM.Collect$$libinit$$00000015)
    __rt_lib_init_lc_numeric_1               0x08000193   Thumb Code     0  libinit2.o(.ARM.Collect$$libinit$$00000017)
    __rt_lib_init_lc_time_1                  0x08000193   Thumb Code     0  libinit2.o(.ARM.Collect$$libinit$$00000019)
    __rt_lib_init_preinit_1                  0x08000193   Thumb Code     0  libinit2.o(.ARM.Collect$$libinit$$00000004)
    __rt_lib_init_rand_1                     0x08000193   Thumb Code     0  libinit2.o(.ARM.Collect$$libinit$$0000000E)
    __rt_lib_init_return                     0x08000193   Thumb Code     0  libinit2.o(.ARM.Collect$$libinit$$00000033)
    __rt_lib_init_signal_1                   0x08000193   Thumb Code     0  libinit2.o(.ARM.Collect$$libinit$$0000001D)
    __rt_lib_init_stdio_1                    0x08000193   Thumb Code     0  libinit2.o(.ARM.Collect$$libinit$$00000025)
    __rt_lib_init_user_alloc_1               0x08000193   Thumb Code     0  libinit2.o(.ARM.Collect$$libinit$$0000000C)
    __rt_lib_shutdown                        0x08000195   Thumb Code     0  libshutdown.o(.ARM.Collect$$libshutdown$$00000000)
    __rt_lib_shutdown_cpp_1                  0x08000197   Thumb Code     0  libshutdown2.o(.ARM.Collect$$libshutdown$$00000002)
    __rt_lib_shutdown_fp_trap_1              0x08000197   Thumb Code     0  libshutdown2.o(.ARM.Collect$$libshutdown$$00000007)
    __rt_lib_shutdown_heap_1                 0x08000197   Thumb Code     0  libshutdown2.o(.ARM.Collect$$libshutdown$$0000000F)
    __rt_lib_shutdown_return                 0x08000197   Thumb Code     0  libshutdown2.o(.ARM.Collect$$libshutdown$$00000010)
    __rt_lib_shutdown_signal_1               0x08000197   Thumb Code     0  libshutdown2.o(.ARM.Collect$$libshutdown$$0000000A)
    __rt_lib_shutdown_stdio_1                0x08000197   Thumb Code     0  libshutdown2.o(.ARM.Collect$$libshutdown$$00000004)
    __rt_lib_shutdown_user_alloc_1           0x08000197   Thumb Code     0  libshutdown2.o(.ARM.Collect$$libshutdown$$0000000C)
    __rt_entry                               0x08000199   Thumb Code     0  __rtentry.o(.ARM.Collect$$rtentry$$00000000)
    __rt_entry_presh_1                       0x08000199   Thumb Code     0  __rtentry2.o(.ARM.Collect$$rtentry$$00000002)
    __rt_entry_sh                            0x08000199   Thumb Code     0  __rtentry4.o(.ARM.Collect$$rtentry$$00000004)
    __rt_entry_li                            0x0800019f   Thumb Code     0  __rtentry2.o(.ARM.Collect$$rtentry$$0000000A)
    __rt_entry_postsh_1                      0x0800019f   Thumb Code     0  __rtentry2.o(.ARM.Collect$$rtentry$$00000009)
    __rt_entry_main                          0x080001a3   Thumb Code     0  __rtentry2.o(.ARM.Collect$$rtentry$$0000000D)
    __rt_entry_postli_1                      0x080001a3   Thumb Code     0  __rtentry2.o(.ARM.Collect$$rtentry$$0000000C)
    __rt_exit                                0x080001ab   Thumb Code     0  rtexit.o(.ARM.Collect$$rtexit$$00000000)
    __rt_exit_ls                             0x080001ad   Thumb Code     0  rtexit2.o(.ARM.Collect$$rtexit$$00000003)
    __rt_exit_prels_1                        0x080001ad   Thumb Code     0  rtexit2.o(.ARM.Collect$$rtexit$$00000002)
    __rt_exit_exit                           0x080001b1   Thumb Code     0  rtexit2.o(.ARM.Collect$$rtexit$$00000004)
    Reset_Handler                            0x080001b9   Thumb Code     8  startup_stm32f10x_md.o(.text)
    NMI_Handler                              0x080001c1   Thumb Code     2  startup_stm32f10x_md.o(.text)
    HardFault_Handler                        0x080001c3   Thumb Code     2  startup_stm32f10x_md.o(.text)
    MemManage_Handler                        0x080001c5   Thumb Code     2  startup_stm32f10x_md.o(.text)
    BusFault_Handler                         0x080001c7   Thumb Code     2  startup_stm32f10x_md.o(.text)
    UsageFault_Handler                       0x080001c9   Thumb Code     2  startup_stm32f10x_md.o(.text)
    SVC_Handler                              0x080001cb   Thumb Code     2  startup_stm32f10x_md.o(.text)
    DebugMon_Handler                         0x080001cd   Thumb Code     2  startup_stm32f10x_md.o(.text)
    PendSV_Handler                           0x080001cf   Thumb Code     2  startup_stm32f10x_md.o(.text)
    SysTick_Handler                          0x080001d1   Thumb Code     2  startup_stm32f10x_md.o(.text)
    ADC1_2_IRQHandler                        0x080001d3   Thumb Code     0  startup_stm32f10x_md.o(.text)
    CAN1_RX1_IRQHandler                      0x080001d3   Thumb Code     0  startup_stm32f10x_md.o(.text)
    CAN1_SCE_IRQHandler                      0x080001d3   Thumb Code     0  startup_stm32f10x_md.o(.text)
    DMA1_Channel1_IRQHandler                 0x080001d3   Thumb Code     0  startup_stm32f10x_md.o(.text)
    DMA1_Channel2_IRQHandler                 0x080001d3   Thumb Code     0  startup_stm32f10x_md.o(.text)
    DMA1_Channel3_IRQHandler                 0x080001d3   Thumb Code     0  startup_stm32f10x_md.o(.text)
    DMA1_Channel4_IRQHandler                 0x080001d3   Thumb Code     0  startup_stm32f10x_md.o(.text)
    DMA1_Channel5_IRQHandler                 0x080001d3   Thumb Code     0  startup_stm32f10x_md.o(.text)
    DMA1_Channel6_IRQHandler                 0x080001d3   Thumb Code     0  startup_stm32f10x_md.o(.text)
    DMA1_Channel7_IRQHandler                 0x080001d3   Thumb Code     0  startup_stm32f10x_md.o(.text)
    EXTI0_IRQHandler                         0x080001d3   Thumb Code     0  startup_stm32f10x_md.o(.text)
    EXTI15_10_IRQHandler                     0x080001d3   Thumb Code     0  startup_stm32f10x_md.o(.text)
    EXTI1_IRQHandler                         0x080001d3   Thumb Code     0  startup_stm32f10x_md.o(.text)
    EXTI2_IRQHandler                         0x080001d3   Thumb Code     0  startup_stm32f10x_md.o(.text)
    EXTI3_IRQHandler                         0x080001d3   Thumb Code     0  startup_stm32f10x_md.o(.text)
    EXTI4_IRQHandler                         0x080001d3   Thumb Code     0  startup_stm32f10x_md.o(.text)
    EXTI9_5_IRQHandler                       0x080001d3   Thumb Code     0  startup_stm32f10x_md.o(.text)
    FLASH_IRQHandler                         0x080001d3   Thumb Code     0  startup_stm32f10x_md.o(.text)
    I2C1_ER_IRQHandler                       0x080001d3   Thumb Code     0  startup_stm32f10x_md.o(.text)
    I2C1_EV_IRQHandler                       0x080001d3   Thumb Code     0  startup_stm32f10x_md.o(.text)
    I2C2_ER_IRQHandler                       0x080001d3   Thumb Code     0  startup_stm32f10x_md.o(.text)
    I2C2_EV_IRQHandler                       0x080001d3   Thumb Code     0  startup_stm32f10x_md.o(.text)
    PVD_IRQHandler                           0x080001d3   Thumb Code     0  startup_stm32f10x_md.o(.text)
    RCC_IRQHandler                           0x080001d3   Thumb Code     0  startup_stm32f10x_md.o(.text)
    RTCAlarm_IRQHandler                      0x080001d3   Thumb Code     0  startup_stm32f10x_md.o(.text)
    RTC_IRQHandler                           0x080001d3   Thumb Code     0  startup_stm32f10x_md.o(.text)
    SPI1_IRQHandler                          0x080001d3   Thumb Code     0  startup_stm32f10x_md.o(.text)
    SPI2_IRQHandler                          0x080001d3   Thumb Code     0  startup_stm32f10x_md.o(.text)
    TAMPER_IRQHandler                        0x080001d3   Thumb Code     0  startup_stm32f10x_md.o(.text)
    TIM1_BRK_IRQHandler                      0x080001d3   Thumb Code     0  startup_stm32f10x_md.o(.text)
    TIM1_CC_IRQHandler                       0x080001d3   Thumb Code     0  startup_stm32f10x_md.o(.text)
    TIM1_TRG_COM_IRQHandler                  0x080001d3   Thumb Code     0  startup_stm32f10x_md.o(.text)
    TIM1_UP_IRQHandler                       0x080001d3   Thumb Code     0  startup_stm32f10x_md.o(.text)
    TIM3_IRQHandler                          0x080001d3   Thumb Code     0  startup_stm32f10x_md.o(.text)
    TIM4_IRQHandler                          0x080001d3   Thumb Code     0  startup_stm32f10x_md.o(.text)
    USART1_IRQHandler                        0x080001d3   Thumb Code     0  startup_stm32f10x_md.o(.text)
    USART2_IRQHandler                        0x080001d3   Thumb Code     0  startup_stm32f10x_md.o(.text)
    USART3_IRQHandler                        0x080001d3   Thumb Code     0  startup_stm32f10x_md.o(.text)
    USBWakeUp_IRQHandler                     0x080001d3   Thumb Code     0  startup_stm32f10x_md.o(.text)
    USB_HP_CAN1_TX_IRQHandler                0x080001d3   Thumb Code     0  startup_stm32f10x_md.o(.text)
    USB_LP_CAN1_RX0_IRQHandler               0x080001d3   Thumb Code     0  startup_stm32f10x_md.o(.text)
    WWDG_IRQHandler                          0x080001d3   Thumb Code     0  startup_stm32f10x_md.o(.text)
    __user_initial_stackheap                 0x080001d5   Thumb Code     0  startup_stm32f10x_md.o(.text)
    __2sprintf                               0x080001f9   Thumb Code    34  noretval__2sprintf.o(.text)
    __2snprintf                              0x08000221   Thumb Code    48  noretval__2snprintf.o(.text)
    _printf_pre_padding                      0x08000255   Thumb Code    44  _printf_pad.o(.text)
    _printf_post_padding                     0x08000281   Thumb Code    34  _printf_pad.o(.text)
    _printf_str                              0x080002a3   Thumb Code    82  _printf_str.o(.text)
    _printf_int_dec                          0x080002f5   Thumb Code   104  _printf_dec.o(.text)
    __printf                                 0x0800036d   Thumb Code   308  __printf_flags_wp.o(.text)
    __aeabi_memset4                          0x080004a5   Thumb Code    16  aeabi_memset4.o(.text)
    __aeabi_memset8                          0x080004a5   Thumb Code     0  aeabi_memset4.o(.text)
    __aeabi_memclr4                          0x080004b5   Thumb Code     0  rt_memclr_w.o(.text)
    __aeabi_memclr8                          0x080004b5   Thumb Code     0  rt_memclr_w.o(.text)
    __rt_memclr_w                            0x080004b5   Thumb Code    78  rt_memclr_w.o(.text)
    _memset_w                                0x080004b9   Thumb Code     0  rt_memclr_w.o(.text)
    __use_two_region_memory                  0x08000503   Thumb Code     2  heapauxi.o(.text)
    __rt_heap_escrow$2region                 0x08000505   Thumb Code     2  heapauxi.o(.text)
    __rt_heap_expand$2region                 0x08000507   Thumb Code     2  heapauxi.o(.text)
    _printf_int_common                       0x08000509   Thumb Code   178  _printf_intcommon.o(.text)
    _printf_char_common                      0x080005c7   Thumb Code    32  _printf_char_common.o(.text)
    _sputc                                   0x080005ed   Thumb Code    10  _sputc.o(.text)
    _snputc                                  0x080005f7   Thumb Code    16  _snputc.o(.text)
    _printf_cs_common                        0x08000607   Thumb Code    20  _printf_char.o(.text)
    _printf_char                             0x0800061b   Thumb Code    16  _printf_char.o(.text)
    _printf_string                           0x0800062b   Thumb Code     8  _printf_char.o(.text)
    __user_setup_stackheap                   0x08000633   Thumb Code    74  sys_stackheap_outer.o(.text)
    exit                                     0x0800067d   Thumb Code    18  exit.o(.text)
    __user_libspace                          0x08000691   Thumb Code     8  libspace.o(.text)
    __user_perproc_libspace                  0x08000691   Thumb Code     0  libspace.o(.text)
    __user_perthread_libspace                0x08000691   Thumb Code     0  libspace.o(.text)
    _sys_exit                                0x08000699   Thumb Code     8  sys_exit.o(.text)
    __I$use$semihosting                      0x080006a5   Thumb Code     0  use_no_semi.o(.text)
    __use_no_semihosting_swi                 0x080006a5   Thumb Code     2  use_no_semi.o(.text)
    __semihosting_library_function           0x080006a7   Thumb Code     0  indicate_semi.o(.text)
    ApplyTimeAdjustment                      0x080006a9   Thumb Code    48  main.o(.text.ApplyTimeAdjustment)
    AttendanceSystem_Config                  0x080006d9   Thumb Code   124  main.o(.text.AttendanceSystem_Config)
    Button_GPIO_Config                       0x08000755   Thumb Code   104  main.o(.text.Button_GPIO_Config)
    CalculateChecksum                        0x080007bd   Thumb Code    30  main.o(.text.CalculateChecksum)
    CheckCardRegistered                      0x080007dd   Thumb Code    70  main.o(.text.CheckCardRegistered)
    ConvertMillisToDateTime                  0x08000825   Thumb Code   294  main.o(.text.ConvertMillisToDateTime)
    DisplayStudentInfo                       0x0800094d   Thumb Code    72  main.o(.text.DisplayStudentInfo)
    FLASH_ClearFlag                          0x08000995   Thumb Code    12  stm32f10x_flash.o(.text.FLASH_ClearFlag)
    FLASH_Config                             0x080009a1   Thumb Code    14  main.o(.text.FLASH_Config)
    FLASH_ERASEPAGE                          0x080009b1   Thumb Code    96  main.o(.text.FLASH_ERASEPAGE)
    FLASH_ErasePage                          0x08000a11   Thumb Code    64  stm32f10x_flash.o(.text.FLASH_ErasePage)
    FLASH_GetBank1Status                     0x08000a51   Thumb Code    42  stm32f10x_flash.o(.text.FLASH_GetBank1Status)
    FLASH_ProgramWord                        0x08000a7d   Thumb Code    86  stm32f10x_flash.o(.text.FLASH_ProgramWord)
    FLASH_ReadRecords                        0x08000ad5   Thumb Code   216  main.o(.text.FLASH_ReadRecords)
    FLASH_Unlock                             0x08000bad   Thumb Code    30  stm32f10x_flash.o(.text.FLASH_Unlock)
    FLASH_WaitForLastOperation               0x08000bcd   Thumb Code    32  stm32f10x_flash.o(.text.FLASH_WaitForLastOperation)
    FLASH_WriteRecord                        0x08000bed   Thumb Code   132  main.o(.text.FLASH_WriteRecord)
    GPIO_Init                                0x08000c71   Thumb Code   176  stm32f10x_gpio.o(.text.GPIO_Init)
    GPIO_ReadInputDataBit                    0x08000d21   Thumb Code    10  stm32f10x_gpio.o(.text.GPIO_ReadInputDataBit)
    GPIO_ResetBits                           0x08000d2d   Thumb Code     4  stm32f10x_gpio.o(.text.GPIO_ResetBits)
    GPIO_SetBits                             0x08000d31   Thumb Code     4  stm32f10x_gpio.o(.text.GPIO_SetBits)
    HandleTimeAdjustment                     0x08000d35   Thumb Code   236  main.o(.text.HandleTimeAdjustment)
    I2C1_Config                              0x08000e21   Thumb Code   100  i2c.o(.text.I2C1_Config)
    I2C_CheckEvent                           0x08000e85   Thumb Code    22  stm32f10x_i2c.o(.text.I2C_CheckEvent)
    I2C_Cmd                                  0x08000e9d   Thumb Code    18  stm32f10x_i2c.o(.text.I2C_Cmd)
    I2C_GenerateSTART                        0x08000eb1   Thumb Code    18  stm32f10x_i2c.o(.text.I2C_GenerateSTART)
    I2C_GenerateSTOP                         0x08000ec5   Thumb Code    18  stm32f10x_i2c.o(.text.I2C_GenerateSTOP)
    I2C_Init                                 0x08000ed9   Thumb Code   204  stm32f10x_i2c.o(.text.I2C_Init)
    I2C_Send7bitAddress                      0x08000fa5   Thumb Code    16  stm32f10x_i2c.o(.text.I2C_Send7bitAddress)
    I2C_SendData                             0x08000fb5   Thumb Code     4  stm32f10x_i2c.o(.text.I2C_SendData)
    IsButtonDownPressed                      0x08000fb9   Thumb Code    26  main.o(.text.IsButtonDownPressed)
    IsButtonPressed                          0x08000fd5   Thumb Code    24  main.o(.text.IsButtonPressed)
    IsButtonSelectPressed                    0x08000fed   Thumb Code    26  main.o(.text.IsButtonSelectPressed)
    IsButtonUpPressed                        0x08001009   Thumb Code    24  main.o(.text.IsButtonUpPressed)
    MarkAttendance                           0x08001021   Thumb Code   412  main.o(.text.MarkAttendance)
    NVIC_Init                                0x080011bd   Thumb Code    94  misc.o(.text.NVIC_Init)
    OLED_ShowAttendanceSummary               0x0800121d   Thumb Code   208  main.o(.text.OLED_ShowAttendanceSummary)
    OLED_ShowCurrentTime                     0x080012ed   Thumb Code   508  main.o(.text.OLED_ShowCurrentTime)
    RC522_AntennaOn                          0x080014e9   Thumb Code    24  rc522.o(.text.RC522_AntennaOn)
    RC522_Anticoll                           0x08001501   Thumb Code    78  rc522.o(.text.RC522_Anticoll)
    RC522_Check                              0x08001551   Thumb Code    38  rc522.o(.text.RC522_Check)
    RC522_ClearBitMask                       0x08001579   Thumb Code    22  rc522.o(.text.RC522_ClearBitMask)
    RC522_Config                             0x08001591   Thumb Code    80  rc522.o(.text.RC522_Config)
    RC522_ReadRegister                       0x080015e1   Thumb Code   120  rc522.o(.text.RC522_ReadRegister)
    RC522_Request                            0x08001659   Thumb Code    64  rc522.o(.text.RC522_Request)
    RC522_Reset                              0x08001699   Thumb Code    12  rc522.o(.text.RC522_Reset)
    RC522_SetBitMask                         0x080016a5   Thumb Code    22  rc522.o(.text.RC522_SetBitMask)
    RC522_ToCard                             0x080016bd   Thumb Code   270  rc522.o(.text.RC522_ToCard)
    RC522_WriteRegister                      0x080017cd   Thumb Code   122  rc522.o(.text.RC522_WriteRegister)
    RCC_APB1PeriphClockCmd                   0x08001849   Thumb Code    24  stm32f10x_rcc.o(.text.RCC_APB1PeriphClockCmd)
    RCC_APB2PeriphClockCmd                   0x08001861   Thumb Code    24  stm32f10x_rcc.o(.text.RCC_APB2PeriphClockCmd)
    RCC_GetClocksFreq                        0x08001879   Thumb Code   160  stm32f10x_rcc.o(.text.RCC_GetClocksFreq)
    SPI1_Config                              0x08001919   Thumb Code   126  main.o(.text.SPI1_Config)
    SPI_Cmd                                  0x08001999   Thumb Code    18  stm32f10x_spi.o(.text.SPI_Cmd)
    SPI_I2S_GetFlagStatus                    0x080019ad   Thumb Code    10  stm32f10x_spi.o(.text.SPI_I2S_GetFlagStatus)
    SPI_I2S_ReceiveData                      0x080019b9   Thumb Code     4  stm32f10x_spi.o(.text.SPI_I2S_ReceiveData)
    SPI_I2S_SendData                         0x080019bd   Thumb Code     4  stm32f10x_spi.o(.text.SPI_I2S_SendData)
    SPI_Init                                 0x080019c1   Thumb Code    70  stm32f10x_spi.o(.text.SPI_Init)
    SSD1306_Clear                            0x08001a09   Thumb Code    14  ssd1306.o(.text.SSD1306_Clear)
    SSD1306_Config                           0x08001a19   Thumb Code   376  ssd1306.o(.text.SSD1306_Config)
    SSD1306_DrawPixel                        0x08001b91   Thumb Code    78  ssd1306.o(.text.SSD1306_DrawPixel)
    SSD1306_Fill                             0x08001be1   Thumb Code    28  ssd1306.o(.text.SSD1306_Fill)
    SSD1306_GotoXY                           0x08001bfd   Thumb Code    22  ssd1306.o(.text.SSD1306_GotoXY)
    SSD1306_I2C_Config                       0x08001c15   Thumb Code     8  ssd1306.o(.text.SSD1306_I2C_Config)
    SSD1306_I2C_Write                        0x08001c1d   Thumb Code   204  ssd1306.o(.text.SSD1306_I2C_Write)
    SSD1306_I2C_WriteMulti                   0x08001ce9   Thumb Code   226  ssd1306.o(.text.SSD1306_I2C_WriteMulti)
    SSD1306_IsDeviceReady                    0x08001dcd   Thumb Code   116  ssd1306.o(.text.SSD1306_IsDeviceReady)
    SSD1306_Putc                             0x08001e41   Thumb Code   176  ssd1306.o(.text.SSD1306_Putc)
    SSD1306_Puts                             0x08001ef1   Thumb Code    46  ssd1306.o(.text.SSD1306_Puts)
    SSD1306_UpdateScreen                     0x08001f21   Thumb Code    70  ssd1306.o(.text.SSD1306_UpdateScreen)
    SystemInit                               0x08002031   Thumb Code    86  system_stm32f10x.o(.text.SystemInit)
    TIM2_IRQHandler                          0x08002089   Thumb Code    44  main.o(.text.TIM2_IRQHandler)
    TIM2_Init                                0x080020b5   Thumb Code   114  main.o(.text.TIM2_Init)
    TIM_ClearITPendingBit                    0x08002129   Thumb Code     6  stm32f10x_tim.o(.text.TIM_ClearITPendingBit)
    TIM_Cmd                                  0x08002131   Thumb Code    18  stm32f10x_tim.o(.text.TIM_Cmd)
    TIM_GetITStatus                          0x08002145   Thumb Code    20  stm32f10x_tim.o(.text.TIM_GetITStatus)
    TIM_ITConfig                             0x08002159   Thumb Code    16  stm32f10x_tim.o(.text.TIM_ITConfig)
    TIM_TimeBaseInit                         0x08002169   Thumb Code   170  stm32f10x_tim.o(.text.TIM_TimeBaseInit)
    UID_Match                                0x08002215   Thumb Code    40  main.o(.text.UID_Match)
    USART1_Config                            0x0800223d   Thumb Code   108  main.o(.text.USART1_Config)
    USART1_SendChar                          0x080022a9   Thumb Code    34  main.o(.text.USART1_SendChar)
    USART1_SendString                        0x080022cd   Thumb Code    28  main.o(.text.USART1_SendString)
    USART_Cmd                                0x080022e9   Thumb Code    18  stm32f10x_usart.o(.text.USART_Cmd)
    USART_GetFlagStatus                      0x080022fd   Thumb Code    10  stm32f10x_usart.o(.text.USART_GetFlagStatus)
    USART_Init                               0x08002309   Thumb Code   178  stm32f10x_usart.o(.text.USART_Init)
    USART_SendData                           0x080023bd   Thumb Code     8  stm32f10x_usart.o(.text.USART_SendData)
    delay_ms                                 0x080023c5   Thumb Code    52  rc522.o(.text.delay_ms)
    main                                     0x080023f9   Thumb Code   198  main.o(.text.main)
    _is_digit                                0x080024bf   Thumb Code    14  __printf_wp.o(i._is_digit)
    Font7x10                                 0x080024f2   Data        1900  fonts.o(.rodata.Font7x10)
    Region$$Table$$Base                      0x08002d00   Number         0  anon$$obj.o(Region$$Table)
    Region$$Table$$Limit                     0x08002d20   Number         0  anon$$obj.o(Region$$Table)
    Font_7x10                                0x20000000   Data           8  fonts.o(.data.Font_7x10)
    SystemCoreClock                          0x2000000c   Data           4  system_stm32f10x.o(.data.SystemCoreClock)
    registeredStudents                       0x20000010   Data         540  main.o(.data.registeredStudents)
    studentCount                             0x2000022c   Data           1  main.o(.data.studentCount)
    __libspace_start                         0x20000230   Data          96  libspace.o(.bss)
    __temporary_stack_top$libspace           0x20000290   Data           0  libspace.o(.bss)
    attendanceList                           0x20000698   Data          50  main.o(.bss.attendanceList)
    buffer                                   0x200006ca   Data         100  main.o(.bss.buffer)
    configMode                               0x2000072e   Data           1  main.o(.bss.configMode)
    currentAdjustField                       0x2000072f   Data           1  main.o(.bss.currentAdjustField)
    msTicks                                  0x20000730   Data           4  main.o(.bss.msTicks)
    recordCount                              0x20000734   Data           4  main.o(.bss.recordCount)
    timeAdjustment                           0x20000738   Data           4  main.o(.bss.timeAdjustment)



==============================================================================

Memory Map of the image

  Image Entry point : 0x080000ed

  Load Region LR_IROM1 (Base: 0x08000000, Size: 0x00002f50, Max: 0x00010000, ABSOLUTE, COMPRESSED[0x00002da0])

    Execution Region ER_IROM1 (Exec base: 0x08000000, Load base: 0x08000000, Size: 0x00002d20, Max: 0x00010000, ABSOLUTE)

    Exec Addr    Load Addr    Size         Type   Attr      Idx    E Section Name        Object

    0x08000000   0x08000000   0x000000ec   Data   RO          898    RESET               startup_stm32f10x_md.o
    0x080000ec   0x080000ec   0x00000008   Code   RO          972  * !!!main             c_w.l(__main.o)
    0x080000f4   0x080000f4   0x00000034   Code   RO         1150    !!!scatter          c_w.l(__scatter.o)
    0x08000128   0x08000128   0x0000003a   Code   RO         1148    !!dczerorl          c_w.l(__dczerorl.o)
    0x08000162   0x08000162   0x00000002   PAD
    0x08000164   0x08000164   0x0000001c   Code   RO         1152    !!handler_zi        c_w.l(__scatter_zi.o)
    0x08000180   0x08000180   0x00000000   Code   RO          963    .ARM.Collect$$_printf_percent$$00000000  c_w.l(_printf_percent.o)
    0x08000180   0x08000180   0x00000006   Code   RO          962    .ARM.Collect$$_printf_percent$$00000009  c_w.l(_printf_d.o)
    0x08000186   0x08000186   0x00000006   Code   RO          961    .ARM.Collect$$_printf_percent$$00000014  c_w.l(_printf_s.o)
    0x0800018c   0x0800018c   0x00000004   Code   RO          985    .ARM.Collect$$_printf_percent$$00000017  c_w.l(_printf_percent_end.o)
    0x08000190   0x08000190   0x00000002   Code   RO         1012    .ARM.Collect$$libinit$$00000000  c_w.l(libinit.o)
    0x08000192   0x08000192   0x00000000   Code   RO         1019    .ARM.Collect$$libinit$$00000002  c_w.l(libinit2.o)
    0x08000192   0x08000192   0x00000000   Code   RO         1021    .ARM.Collect$$libinit$$00000004  c_w.l(libinit2.o)
    0x08000192   0x08000192   0x00000000   Code   RO         1024    .ARM.Collect$$libinit$$0000000A  c_w.l(libinit2.o)
    0x08000192   0x08000192   0x00000000   Code   RO         1026    .ARM.Collect$$libinit$$0000000C  c_w.l(libinit2.o)
    0x08000192   0x08000192   0x00000000   Code   RO         1028    .ARM.Collect$$libinit$$0000000E  c_w.l(libinit2.o)
    0x08000192   0x08000192   0x00000000   Code   RO         1031    .ARM.Collect$$libinit$$00000011  c_w.l(libinit2.o)
    0x08000192   0x08000192   0x00000000   Code   RO         1033    .ARM.Collect$$libinit$$00000013  c_w.l(libinit2.o)
    0x08000192   0x08000192   0x00000000   Code   RO         1035    .ARM.Collect$$libinit$$00000015  c_w.l(libinit2.o)
    0x08000192   0x08000192   0x00000000   Code   RO         1037    .ARM.Collect$$libinit$$00000017  c_w.l(libinit2.o)
    0x08000192   0x08000192   0x00000000   Code   RO         1039    .ARM.Collect$$libinit$$00000019  c_w.l(libinit2.o)
    0x08000192   0x08000192   0x00000000   Code   RO         1041    .ARM.Collect$$libinit$$0000001B  c_w.l(libinit2.o)
    0x08000192   0x08000192   0x00000000   Code   RO         1043    .ARM.Collect$$libinit$$0000001D  c_w.l(libinit2.o)
    0x08000192   0x08000192   0x00000000   Code   RO         1045    .ARM.Collect$$libinit$$0000001F  c_w.l(libinit2.o)
    0x08000192   0x08000192   0x00000000   Code   RO         1047    .ARM.Collect$$libinit$$00000021  c_w.l(libinit2.o)
    0x08000192   0x08000192   0x00000000   Code   RO         1049    .ARM.Collect$$libinit$$00000023  c_w.l(libinit2.o)
    0x08000192   0x08000192   0x00000000   Code   RO         1051    .ARM.Collect$$libinit$$00000025  c_w.l(libinit2.o)
    0x08000192   0x08000192   0x00000000   Code   RO         1055    .ARM.Collect$$libinit$$0000002C  c_w.l(libinit2.o)
    0x08000192   0x08000192   0x00000000   Code   RO         1057    .ARM.Collect$$libinit$$0000002E  c_w.l(libinit2.o)
    0x08000192   0x08000192   0x00000000   Code   RO         1059    .ARM.Collect$$libinit$$00000030  c_w.l(libinit2.o)
    0x08000192   0x08000192   0x00000000   Code   RO         1061    .ARM.Collect$$libinit$$00000032  c_w.l(libinit2.o)
    0x08000192   0x08000192   0x00000002   Code   RO         1062    .ARM.Collect$$libinit$$00000033  c_w.l(libinit2.o)
    0x08000194   0x08000194   0x00000002   Code   RO         1084    .ARM.Collect$$libshutdown$$00000000  c_w.l(libshutdown.o)
    0x08000196   0x08000196   0x00000000   Code   RO         1099    .ARM.Collect$$libshutdown$$00000002  c_w.l(libshutdown2.o)
    0x08000196   0x08000196   0x00000000   Code   RO         1101    .ARM.Collect$$libshutdown$$00000004  c_w.l(libshutdown2.o)
    0x08000196   0x08000196   0x00000000   Code   RO         1104    .ARM.Collect$$libshutdown$$00000007  c_w.l(libshutdown2.o)
    0x08000196   0x08000196   0x00000000   Code   RO         1107    .ARM.Collect$$libshutdown$$0000000A  c_w.l(libshutdown2.o)
    0x08000196   0x08000196   0x00000000   Code   RO         1109    .ARM.Collect$$libshutdown$$0000000C  c_w.l(libshutdown2.o)
    0x08000196   0x08000196   0x00000000   Code   RO         1112    .ARM.Collect$$libshutdown$$0000000F  c_w.l(libshutdown2.o)
    0x08000196   0x08000196   0x00000002   Code   RO         1113    .ARM.Collect$$libshutdown$$00000010  c_w.l(libshutdown2.o)
    0x08000198   0x08000198   0x00000000   Code   RO          974    .ARM.Collect$$rtentry$$00000000  c_w.l(__rtentry.o)
    0x08000198   0x08000198   0x00000000   Code   RO          987    .ARM.Collect$$rtentry$$00000002  c_w.l(__rtentry2.o)
    0x08000198   0x08000198   0x00000006   Code   RO          999    .ARM.Collect$$rtentry$$00000004  c_w.l(__rtentry4.o)
    0x0800019e   0x0800019e   0x00000000   Code   RO          989    .ARM.Collect$$rtentry$$00000009  c_w.l(__rtentry2.o)
    0x0800019e   0x0800019e   0x00000004   Code   RO          990    .ARM.Collect$$rtentry$$0000000A  c_w.l(__rtentry2.o)
    0x080001a2   0x080001a2   0x00000000   Code   RO          992    .ARM.Collect$$rtentry$$0000000C  c_w.l(__rtentry2.o)
    0x080001a2   0x080001a2   0x00000008   Code   RO          993    .ARM.Collect$$rtentry$$0000000D  c_w.l(__rtentry2.o)
    0x080001aa   0x080001aa   0x00000002   Code   RO         1016    .ARM.Collect$$rtexit$$00000000  c_w.l(rtexit.o)
    0x080001ac   0x080001ac   0x00000000   Code   RO         1064    .ARM.Collect$$rtexit$$00000002  c_w.l(rtexit2.o)
    0x080001ac   0x080001ac   0x00000004   Code   RO         1065    .ARM.Collect$$rtexit$$00000003  c_w.l(rtexit2.o)
    0x080001b0   0x080001b0   0x00000006   Code   RO         1066    .ARM.Collect$$rtexit$$00000004  c_w.l(rtexit2.o)
    0x080001b6   0x080001b6   0x00000002   PAD
    0x080001b8   0x080001b8   0x00000040   Code   RO          899    .text               startup_stm32f10x_md.o
    0x080001f8   0x080001f8   0x00000028   Code   RO          929    .text               c_w.l(noretval__2sprintf.o)
    0x08000220   0x08000220   0x00000034   Code   RO          931    .text               c_w.l(noretval__2snprintf.o)
    0x08000254   0x08000254   0x0000004e   Code   RO          935    .text               c_w.l(_printf_pad.o)
    0x080002a2   0x080002a2   0x00000052   Code   RO          937    .text               c_w.l(_printf_str.o)
    0x080002f4   0x080002f4   0x00000078   Code   RO          939    .text               c_w.l(_printf_dec.o)
    0x0800036c   0x0800036c   0x00000138   Code   RO          953    .text               c_w.l(__printf_flags_wp.o)
    0x080004a4   0x080004a4   0x00000010   Code   RO          966    .text               c_w.l(aeabi_memset4.o)
    0x080004b4   0x080004b4   0x0000004e   Code   RO          968    .text               c_w.l(rt_memclr_w.o)
    0x08000502   0x08000502   0x00000006   Code   RO          970    .text               c_w.l(heapauxi.o)
    0x08000508   0x08000508   0x000000b2   Code   RO          975    .text               c_w.l(_printf_intcommon.o)
    0x080005ba   0x080005ba   0x00000002   PAD
    0x080005bc   0x080005bc   0x00000030   Code   RO          977    .text               c_w.l(_printf_char_common.o)
    0x080005ec   0x080005ec   0x0000000a   Code   RO          979    .text               c_w.l(_sputc.o)
    0x080005f6   0x080005f6   0x00000010   Code   RO          981    .text               c_w.l(_snputc.o)
    0x08000606   0x08000606   0x0000002c   Code   RO          983    .text               c_w.l(_printf_char.o)
    0x08000632   0x08000632   0x0000004a   Code   RO         1003    .text               c_w.l(sys_stackheap_outer.o)
    0x0800067c   0x0800067c   0x00000012   Code   RO         1005    .text               c_w.l(exit.o)
    0x0800068e   0x0800068e   0x00000002   PAD
    0x08000690   0x08000690   0x00000008   Code   RO         1013    .text               c_w.l(libspace.o)
    0x08000698   0x08000698   0x0000000c   Code   RO         1074    .text               c_w.l(sys_exit.o)
    0x080006a4   0x080006a4   0x00000002   Code   RO         1089    .text               c_w.l(use_no_semi.o)
    0x080006a6   0x080006a6   0x00000000   Code   RO         1091    .text               c_w.l(indicate_semi.o)
    0x080006a6   0x080006a6   0x00000002   PAD
    0x080006a8   0x080006a8   0x00000030   Code   RO           44    .text.ApplyTimeAdjustment  main.o
    0x080006d8   0x080006d8   0x0000007c   Code   RO           52    .text.AttendanceSystem_Config  main.o
    0x08000754   0x08000754   0x00000068   Code   RO           34    .text.Button_GPIO_Config  main.o
    0x080007bc   0x080007bc   0x0000001e   Code   RO           20    .text.CalculateChecksum  main.o
    0x080007da   0x080007da   0x00000002   PAD
    0x080007dc   0x080007dc   0x00000046   Code   RO           28    .text.CheckCardRegistered  main.o
    0x08000822   0x08000822   0x00000002   PAD
    0x08000824   0x08000824   0x00000126   Code   RO            2    .text.ConvertMillisToDateTime  main.o
    0x0800094a   0x0800094a   0x00000002   PAD
    0x0800094c   0x0800094c   0x00000048   Code   RO           30    .text.DisplayStudentInfo  main.o
    0x08000994   0x08000994   0x0000000c   Code   RO          319    .text.FLASH_ClearFlag  stm32f10x_flash.o
    0x080009a0   0x080009a0   0x0000000e   Code   RO           16    .text.FLASH_Config  main.o
    0x080009ae   0x080009ae   0x00000002   PAD
    0x080009b0   0x080009b0   0x00000060   Code   RO           18    .text.FLASH_ERASEPAGE  main.o
    0x08000a10   0x08000a10   0x00000040   Code   RO          283    .text.FLASH_ErasePage  stm32f10x_flash.o
    0x08000a50   0x08000a50   0x0000002a   Code   RO          323    .text.FLASH_GetBank1Status  stm32f10x_flash.o
    0x08000a7a   0x08000a7a   0x00000002   PAD
    0x08000a7c   0x08000a7c   0x00000056   Code   RO          297    .text.FLASH_ProgramWord  stm32f10x_flash.o
    0x08000ad2   0x08000ad2   0x00000002   PAD
    0x08000ad4   0x08000ad4   0x000000d8   Code   RO           24    .text.FLASH_ReadRecords  main.o
    0x08000bac   0x08000bac   0x0000001e   Code   RO          275    .text.FLASH_Unlock  stm32f10x_flash.o
    0x08000bca   0x08000bca   0x00000002   PAD
    0x08000bcc   0x08000bcc   0x00000020   Code   RO          285    .text.FLASH_WaitForLastOperation  stm32f10x_flash.o
    0x08000bec   0x08000bec   0x00000084   Code   RO           22    .text.FLASH_WriteRecord  main.o
    0x08000c70   0x08000c70   0x000000b0   Code   RO          337    .text.GPIO_Init     stm32f10x_gpio.o
    0x08000d20   0x08000d20   0x0000000a   Code   RO          341    .text.GPIO_ReadInputDataBit  stm32f10x_gpio.o
    0x08000d2a   0x08000d2a   0x00000002   PAD
    0x08000d2c   0x08000d2c   0x00000004   Code   RO          351    .text.GPIO_ResetBits  stm32f10x_gpio.o
    0x08000d30   0x08000d30   0x00000004   Code   RO          349    .text.GPIO_SetBits  stm32f10x_gpio.o
    0x08000d34   0x08000d34   0x000000ec   Code   RO           46    .text.HandleTimeAdjustment  main.o
    0x08000e20   0x08000e20   0x00000064   Code   RO          193    .text.I2C1_Config   i2c.o
    0x08000e84   0x08000e84   0x00000016   Code   RO          431    .text.I2C_CheckEvent  stm32f10x_i2c.o
    0x08000e9a   0x08000e9a   0x00000002   PAD
    0x08000e9c   0x08000e9c   0x00000012   Code   RO          383    .text.I2C_Cmd       stm32f10x_i2c.o
    0x08000eae   0x08000eae   0x00000002   PAD
    0x08000eb0   0x08000eb0   0x00000012   Code   RO          389    .text.I2C_GenerateSTART  stm32f10x_i2c.o
    0x08000ec2   0x08000ec2   0x00000002   PAD
    0x08000ec4   0x08000ec4   0x00000012   Code   RO          391    .text.I2C_GenerateSTOP  stm32f10x_i2c.o
    0x08000ed6   0x08000ed6   0x00000002   PAD
    0x08000ed8   0x08000ed8   0x000000cc   Code   RO          379    .text.I2C_Init      stm32f10x_i2c.o
    0x08000fa4   0x08000fa4   0x00000010   Code   RO          407    .text.I2C_Send7bitAddress  stm32f10x_i2c.o
    0x08000fb4   0x08000fb4   0x00000004   Code   RO          403    .text.I2C_SendData  stm32f10x_i2c.o
    0x08000fb8   0x08000fb8   0x0000001a   Code   RO           40    .text.IsButtonDownPressed  main.o
    0x08000fd2   0x08000fd2   0x00000002   PAD
    0x08000fd4   0x08000fd4   0x00000018   Code   RO           36    .text.IsButtonPressed  main.o
    0x08000fec   0x08000fec   0x0000001a   Code   RO           42    .text.IsButtonSelectPressed  main.o
    0x08001006   0x08001006   0x00000002   PAD
    0x08001008   0x08001008   0x00000018   Code   RO           38    .text.IsButtonUpPressed  main.o
    0x08001020   0x08001020   0x0000019c   Code   RO           32    .text.MarkAttendance  main.o
    0x080011bc   0x080011bc   0x0000005e   Code   RO          221    .text.NVIC_Init     misc.o
    0x0800121a   0x0800121a   0x00000002   PAD
    0x0800121c   0x0800121c   0x000000d0   Code   RO           48    .text.OLED_ShowAttendanceSummary  main.o
    0x080012ec   0x080012ec   0x000001fc   Code   RO           50    .text.OLED_ShowCurrentTime  main.o
    0x080014e8   0x080014e8   0x00000018   Code   RO           88    .text.RC522_AntennaOn  rc522.o
    0x08001500   0x08001500   0x0000004e   Code   RO          100    .text.RC522_Anticoll  rc522.o
    0x0800154e   0x0800154e   0x00000002   PAD
    0x08001550   0x08001550   0x00000026   Code   RO          102    .text.RC522_Check   rc522.o
    0x08001576   0x08001576   0x00000002   PAD
    0x08001578   0x08001578   0x00000016   Code   RO           86    .text.RC522_ClearBitMask  rc522.o
    0x0800158e   0x0800158e   0x00000002   PAD
    0x08001590   0x08001590   0x00000050   Code   RO           94    .text.RC522_Config  rc522.o
    0x080015e0   0x080015e0   0x00000078   Code   RO           82    .text.RC522_ReadRegister  rc522.o
    0x08001658   0x08001658   0x00000040   Code   RO           98    .text.RC522_Request  rc522.o
    0x08001698   0x08001698   0x0000000c   Code   RO           92    .text.RC522_Reset   rc522.o
    0x080016a4   0x080016a4   0x00000016   Code   RO           84    .text.RC522_SetBitMask  rc522.o
    0x080016ba   0x080016ba   0x00000002   PAD
    0x080016bc   0x080016bc   0x0000010e   Code   RO           96    .text.RC522_ToCard  rc522.o
    0x080017ca   0x080017ca   0x00000002   PAD
    0x080017cc   0x080017cc   0x0000007a   Code   RO           80    .text.RC522_WriteRegister  rc522.o
    0x08001846   0x08001846   0x00000002   PAD
    0x08001848   0x08001848   0x00000018   Code   RO          523    .text.RCC_APB1PeriphClockCmd  stm32f10x_rcc.o
    0x08001860   0x08001860   0x00000018   Code   RO          521    .text.RCC_APB2PeriphClockCmd  stm32f10x_rcc.o
    0x08001878   0x08001878   0x000000a0   Code   RO          517    .text.RCC_GetClocksFreq  stm32f10x_rcc.o
    0x08001918   0x08001918   0x0000007e   Code   RO            6    .text.SPI1_Config   main.o
    0x08001996   0x08001996   0x00000002   PAD
    0x08001998   0x08001998   0x00000012   Code   RO          597    .text.SPI_Cmd       stm32f10x_spi.o
    0x080019aa   0x080019aa   0x00000002   PAD
    0x080019ac   0x080019ac   0x0000000a   Code   RO          625    .text.SPI_I2S_GetFlagStatus  stm32f10x_spi.o
    0x080019b6   0x080019b6   0x00000002   PAD
    0x080019b8   0x080019b8   0x00000004   Code   RO          607    .text.SPI_I2S_ReceiveData  stm32f10x_spi.o
    0x080019bc   0x080019bc   0x00000004   Code   RO          605    .text.SPI_I2S_SendData  stm32f10x_spi.o
    0x080019c0   0x080019c0   0x00000046   Code   RO          589    .text.SPI_Init      stm32f10x_spi.o
    0x08001a06   0x08001a06   0x00000002   PAD
    0x08001a08   0x08001a08   0x0000000e   Code   RO          162    .text.SSD1306_Clear  ssd1306.o
    0x08001a16   0x08001a16   0x00000002   PAD
    0x08001a18   0x08001a18   0x00000178   Code   RO          130    .text.SSD1306_Config  ssd1306.o
    0x08001b90   0x08001b90   0x0000004e   Code   RO          128    .text.SSD1306_DrawPixel  ssd1306.o
    0x08001bde   0x08001bde   0x00000002   PAD
    0x08001be0   0x08001be0   0x0000001c   Code   RO          134    .text.SSD1306_Fill  ssd1306.o
    0x08001bfc   0x08001bfc   0x00000016   Code   RO          142    .text.SSD1306_GotoXY  ssd1306.o
    0x08001c12   0x08001c12   0x00000002   PAD
    0x08001c14   0x08001c14   0x00000008   Code   RO          168    .text.SSD1306_I2C_Config  ssd1306.o
    0x08001c1c   0x08001c1c   0x000000cc   Code   RO          114    .text.SSD1306_I2C_Write  ssd1306.o
    0x08001ce8   0x08001ce8   0x000000e2   Code   RO          138    .text.SSD1306_I2C_WriteMulti  ssd1306.o
    0x08001dca   0x08001dca   0x00000002   PAD
    0x08001dcc   0x08001dcc   0x00000074   Code   RO          132    .text.SSD1306_IsDeviceReady  ssd1306.o
    0x08001e40   0x08001e40   0x000000b0   Code   RO          144    .text.SSD1306_Putc  ssd1306.o
    0x08001ef0   0x08001ef0   0x0000002e   Code   RO          146    .text.SSD1306_Puts  ssd1306.o
    0x08001f1e   0x08001f1e   0x00000002   PAD
    0x08001f20   0x08001f20   0x00000046   Code   RO          136    .text.SSD1306_UpdateScreen  ssd1306.o
    0x08001f66   0x08001f66   0x00000002   PAD
    0x08001f68   0x08001f68   0x00000008   Code   RO          908    .text.SetSysClock   system_stm32f10x.o
    0x08001f70   0x08001f70   0x000000be   Code   RO          912    .text.SetSysClockTo72  system_stm32f10x.o
    0x0800202e   0x0800202e   0x00000002   PAD
    0x08002030   0x08002030   0x00000056   Code   RO          906    .text.SystemInit    system_stm32f10x.o
    0x08002086   0x08002086   0x00000002   PAD
    0x08002088   0x08002088   0x0000002c   Code   RO           10    .text.TIM2_IRQHandler  main.o
    0x080020b4   0x080020b4   0x00000072   Code   RO            8    .text.TIM2_Init     main.o
    0x08002126   0x08002126   0x00000002   PAD
    0x08002128   0x08002128   0x00000006   Code   RO          821    .text.TIM_ClearITPendingBit  stm32f10x_tim.o
    0x0800212e   0x0800212e   0x00000002   PAD
    0x08002130   0x08002130   0x00000012   Code   RO          683    .text.TIM_Cmd       stm32f10x_tim.o
    0x08002142   0x08002142   0x00000002   PAD
    0x08002144   0x08002144   0x00000014   Code   RO          819    .text.TIM_GetITStatus  stm32f10x_tim.o
    0x08002158   0x08002158   0x00000010   Code   RO          687    .text.TIM_ITConfig  stm32f10x_tim.o
    0x08002168   0x08002168   0x000000aa   Code   RO          643    .text.TIM_TimeBaseInit  stm32f10x_tim.o
    0x08002212   0x08002212   0x00000002   PAD
    0x08002214   0x08002214   0x00000028   Code   RO           26    .text.UID_Match     main.o
    0x0800223c   0x0800223c   0x0000006c   Code   RO            4    .text.USART1_Config  main.o
    0x080022a8   0x080022a8   0x00000022   Code   RO           12    .text.USART1_SendChar  main.o
    0x080022ca   0x080022ca   0x00000002   PAD
    0x080022cc   0x080022cc   0x0000001c   Code   RO           14    .text.USART1_SendString  main.o
    0x080022e8   0x080022e8   0x00000012   Code   RO          841    .text.USART_Cmd     stm32f10x_usart.o
    0x080022fa   0x080022fa   0x00000002   PAD
    0x080022fc   0x080022fc   0x0000000a   Code   RO          881    .text.USART_GetFlagStatus  stm32f10x_usart.o
    0x08002306   0x08002306   0x00000002   PAD
    0x08002308   0x08002308   0x000000b2   Code   RO          833    .text.USART_Init    stm32f10x_usart.o
    0x080023ba   0x080023ba   0x00000002   PAD
    0x080023bc   0x080023bc   0x00000008   Code   RO          857    .text.USART_SendData  stm32f10x_usart.o
    0x080023c4   0x080023c4   0x00000034   Code   RO           78    .text.delay_ms      rc522.o
    0x080023f8   0x080023f8   0x000000c6   Code   RO           54    .text.main          main.o
    0x080024be   0x080024be   0x0000000e   Code   RO          951    i._is_digit         c_w.l(__printf_wp.o)
    0x080024cc   0x080024cc   0x00000011   Data   RO          954    .constdata          c_w.l(__printf_flags_wp.o)
    0x080024dd   0x080024dd   0x00000004   Data   RO          542    .rodata.ADCPrescTable  stm32f10x_rcc.o
    0x080024e1   0x080024e1   0x00000010   Data   RO          541    .rodata.APBAHBPrescTable  stm32f10x_rcc.o
    0x080024f1   0x080024f1   0x00000001   PAD
    0x080024f2   0x080024f2   0x0000076c   Data   RO          184    .rodata.Font7x10    fonts.o
    0x08002c5e   0x08002c5e   0x0000009f   Data   RO           65    .rodata.str1.1      main.o
    0x08002cfd   0x08002cfd   0x00000003   PAD
    0x08002d00   0x08002d00   0x00000020   Data   RO         1147    Region$$Table       anon$$obj.o


    Execution Region RW_IRAM1 (Exec base: 0x20000000, Load base: 0x08002d20, Size: 0x00000d40, Max: 0x00005000, ABSOLUTE, COMPRESSED[0x00000080])

    Exec Addr    Load Addr    Size         Type   Attr      Idx    E Section Name        Object

    0x20000000   COMPRESSED   0x00000008   Data   RW          185    .data.Font_7x10     fonts.o
    0x20000008   COMPRESSED   0x00000001   Data   RW           68    .data.HandleTimeAdjustment.lastDownState  main.o
    0x20000009   COMPRESSED   0x00000001   Data   RW           66    .data.HandleTimeAdjustment.lastSelectState  main.o
    0x2000000a   COMPRESSED   0x00000001   Data   RW           67    .data.HandleTimeAdjustment.lastUpState  main.o
    0x2000000b   COMPRESSED   0x00000001   PAD
    0x2000000c   COMPRESSED   0x00000004   Data   RW          914    .data.SystemCoreClock  system_stm32f10x.o
    0x20000010   COMPRESSED   0x0000021c   Data   RW           56    .data.registeredStudents  main.o
    0x2000022c   COMPRESSED   0x00000001   Data   RW           57    .data.studentCount  main.o
    0x2000022d   COMPRESSED   0x00000003   PAD
    0x20000230        -       0x00000060   Zero   RW         1014    .bss                c_w.l(libspace.o)
    0x20000290        -       0x00000002   Zero   RW          171    .bss.SSD1306.0      ssd1306.o
    0x20000292        -       0x00000002   Zero   RW          172    .bss.SSD1306.1      ssd1306.o
    0x20000294        -       0x00000001   Zero   RW          173    .bss.SSD1306.2      ssd1306.o
    0x20000295   COMPRESSED   0x00000003   PAD
    0x20000298        -       0x00000400   Zero   RW          170    .bss.SSD1306_Buffer  ssd1306.o
    0x20000698        -       0x00000032   Zero   RW           58    .bss.attendanceList  main.o
    0x200006ca        -       0x00000064   Zero   RW           64    .bss.buffer         main.o
    0x2000072e        -       0x00000001   Zero   RW           61    .bss.configMode     main.o
    0x2000072f        -       0x00000001   Zero   RW           62    .bss.currentAdjustField  main.o
    0x20000730        -       0x00000004   Zero   RW           60    .bss.msTicks        main.o
    0x20000734        -       0x00000004   Zero   RW           59    .bss.recordCount    main.o
    0x20000738        -       0x00000004   Zero   RW           63    .bss.timeAdjustment  main.o
    0x2000073c   COMPRESSED   0x00000004   PAD
    0x20000740        -       0x00000200   Zero   RW          897    HEAP                startup_stm32f10x_md.o
    0x20000940        -       0x00000400   Zero   RW          896    STACK               startup_stm32f10x_md.o


==============================================================================

Image component sizes


      Code (inc. data)   RO Data    RW Data    ZI Data      Debug   Object Name

         0          0       1900          8          0       1045   fonts.o
       100          0          0          0          0       5406   i2c.o
      3356        496        159        544        164      13383   main.o
        94          0          0          0          0       3533   misc.o
       904          0          0          0          0       5321   rc522.o
      1364          0          0          0       1029      13250   ssd1306.o
        64         26        236          0       1536        840   startup_stm32f10x_md.o
       266          0          0          0          0       8112   stm32f10x_flash.o
       194          0          0          0          0       5962   stm32f10x_gpio.o
       300          0          0          0          0       8439   stm32f10x_i2c.o
       208          0         20          0          0       7774   stm32f10x_rcc.o
       106          0          0          0          0       7078   stm32f10x_spi.o
       230          0          0          0          0      24229   stm32f10x_tim.o
       214          0          0          0          0       7968   stm32f10x_usart.o
       284          0          0          4          0       2867   system_stm32f10x.o

    ----------------------------------------------------------------------
      7766        522       2351        560       2736     115207   Object Totals
         0          0         32          0          0          0   (incl. Generated)
        82          0          4          4          7          0   (incl. Padding)

    ----------------------------------------------------------------------

      Code (inc. data)   RO Data    RW Data    ZI Data      Debug   Library Member Name

        58          0          0          0          0          0   __dczerorl.o
         8          0          0          0          0         68   __main.o
       312          4         17          0          0         92   __printf_flags_wp.o
        14          0          0          0          0         68   __printf_wp.o
         0          0          0          0          0          0   __rtentry.o
        12          0          0          0          0          0   __rtentry2.o
         6          0          0          0          0          0   __rtentry4.o
        52          8          0          0          0          0   __scatter.o
        28          0          0          0          0          0   __scatter_zi.o
        44          0          0          0          0        108   _printf_char.o
        48          6          0          0          0         96   _printf_char_common.o
         6          0          0          0          0          0   _printf_d.o
       120         16          0          0          0         92   _printf_dec.o
       178          0          0          0          0         88   _printf_intcommon.o
        78          0          0          0          0        108   _printf_pad.o
         0          0          0          0          0          0   _printf_percent.o
         4          0          0          0          0          0   _printf_percent_end.o
         6          0          0          0          0          0   _printf_s.o
        82          0          0          0          0         80   _printf_str.o
        16          0          0          0          0         68   _snputc.o
        10          0          0          0          0         68   _sputc.o
        16          0          0          0          0         68   aeabi_memset4.o
        18          0          0          0          0         80   exit.o
         6          0          0          0          0        152   heapauxi.o
         0          0          0          0          0          0   indicate_semi.o
         2          0          0          0          0          0   libinit.o
         2          0          0          0          0          0   libinit2.o
         2          0          0          0          0          0   libshutdown.o
         2          0          0          0          0          0   libshutdown2.o
         8          4          0          0         96         68   libspace.o
        52          4          0          0          0         84   noretval__2snprintf.o
        40          6          0          0          0         84   noretval__2sprintf.o
        78          0          0          0          0         80   rt_memclr_w.o
         2          0          0          0          0          0   rtexit.o
        10          0          0          0          0          0   rtexit2.o
        12          4          0          0          0         68   sys_exit.o
        74          0          0          0          0         80   sys_stackheap_outer.o
         2          0          0          0          0         68   use_no_semi.o

    ----------------------------------------------------------------------
      1418         52         17          0         96       1768   Library Totals
        10          0          0          0          0          0   (incl. Padding)

    ----------------------------------------------------------------------

      Code (inc. data)   RO Data    RW Data    ZI Data      Debug   Library Name

      1408         52         17          0         96       1768   c_w.l

    ----------------------------------------------------------------------
      1418         52         17          0         96       1768   Library Totals

    ----------------------------------------------------------------------

==============================================================================


      Code (inc. data)   RO Data    RW Data    ZI Data      Debug   

      9184        574       2368        560       2832     115899   Grand Totals
      9184        574       2368        128       2832     115899   ELF Image Totals (compressed)
      9184        574       2368        128          0          0   ROM Totals

==============================================================================

    Total RO  Size (Code + RO Data)                11552 (  11.28kB)
    Total RW  Size (RW Data + ZI Data)              3392 (   3.31kB)
    Total ROM Size (Code + RO Data + RW Data)      11680 (  11.41kB)

==============================================================================

